[shreethemes.in/bootgen/layouts/index-business.html]
[backblue.gif]
[fade.gif]
[index.html]
[shreethemes.in/bootgen/layouts/images/favicon.ico]
[shreethemes.in/bootgen/layouts/css/bootstrap.min.css]
[shreethemes.in/bootgen/layouts/css/materialdesignicons.min.css]
[unicons.iconscout.com/release/v4.0.0/css/line.css]
[shreethemes.in/bootgen/layouts/css/tiny-slider.css]
[shreethemes.in/bootgen/layouts/css/animate.css]
[shreethemes.in/bootgen/layouts/css/animations-delay.css]
[shreethemes.in/bootgen/layouts/css/tobii.min.css]
[shreethemes.in/bootgen/layouts/css/style.min.css]
[shreethemes.in/bootgen/layouts/css/colors/green.css]
[shreethemes.in/bootgen/layouts/images/business/logo.png]
[shreethemes.in/bootgen/layouts/images/business/logo-light.png]
[shreethemes.in/bootgen/layouts/images/business/01.jpg]
[shreethemes.in/bootgen/layouts/images/business/02.jpg]
[shreethemes.in/bootgen/layouts/images/business/03.jpg]
[shreethemes.in/bootgen/layouts/images/business/about.jpg]
[shreethemes.in/bootgen/layouts/images/business/team01.jpg]
[shreethemes.in/bootgen/layouts/images/business/team02.jpg]
[shreethemes.in/bootgen/layouts/images/business/team03.jpg]
[shreethemes.in/bootgen/layouts/images/business/team04.jpg]
[shreethemes.in/bootgen/layouts/images/business/04.jpg]
[shreethemes.in/bootgen/layouts/images/client/01.jpg]
[shreethemes.in/bootgen/layouts/images/client/02.jpg]
[shreethemes.in/bootgen/layouts/images/client/03.jpg]
[shreethemes.in/bootgen/layouts/images/business/blog01.jpg]
[shreethemes.in/bootgen/layouts/images/business/blog02.jpg]
[shreethemes.in/bootgen/layouts/images/business/blog03.jpg]
[shreethemes.in/bootgen/layouts/js/bootstrap.bundle.min.js]
[shreethemes.in/bootgen/layouts/js/gumshoe.js]
[shreethemes.in/bootgen/layouts/js/tiny-slider.js]
[shreethemes.in/bootgen/layouts/js/tiny-slider-init.js]
[shreethemes.in/bootgen/layouts/js/tobii.min.js]
[shreethemes.in/bootgen/layouts/js/parallax.js]
[shreethemes.in/bootgen/layouts/js/counter.init.js]
[shreethemes.in/bootgen/layouts/js/contact.js]
[unicons.iconscout.com/release/v4.0.0/script/monochrome/bundle.js]
[shreethemes.in/bootgen/layouts/js/switcher.js]
[shreethemes.in/bootgen/layouts/js/app.js]
[shreethemes.in/bootgen/layouts/index-business.html]
[shreethemes.in/bootgen/layouts/css/bootstrap.min.css]
[shreethemes.in/bootgen/layouts/fonts/materialdesignicons-webfont1d2d.eot]
[shreethemes.in/bootgen/layouts/fonts/materialdesignicons-webfontd41d.eot]
[shreethemes.in/bootgen/layouts/fonts/materialdesignicons-webfont1d2d.woff2]
[shreethemes.in/bootgen/layouts/fonts/materialdesignicons-webfont1d2d.woff]
[shreethemes.in/bootgen/layouts/fonts/materialdesignicons-webfont1d2d.ttf]
[shreethemes.in/bootgen/layouts/css/materialdesignicons.min.css]
[unicons.iconscout.com/release/v4.0.0/fonts/line/unicons-0.svg]
[unicons.iconscout.com/release/v4.0.0/fonts/line/unicons-1.svg]
[unicons.iconscout.com/release/v4.0.0/fonts/line/unicons-10.svg]
[unicons.iconscout.com/release/v4.0.0/fonts/line/unicons-11.svg]
[unicons.iconscout.com/release/v4.0.0/fonts/line/unicons-12.svg]
[unicons.iconscout.com/release/v4.0.0/fonts/line/unicons-13.svg]
[unicons.iconscout.com/release/v4.0.0/fonts/line/unicons-14.svg]
[unicons.iconscout.com/release/v4.0.0/fonts/line/unicons-15.svg]
[unicons.iconscout.com/release/v4.0.0/fonts/line/unicons-16.svg]
[unicons.iconscout.com/release/v4.0.0/fonts/line/unicons-17.svg]
[unicons.iconscout.com/release/v4.0.0/fonts/line/unicons-18.svg]
[unicons.iconscout.com/release/v4.0.0/fonts/line/unicons-19.svg]
[unicons.iconscout.com/release/v4.0.0/fonts/line/unicons-2.svg]
[unicons.iconscout.com/release/v4.0.0/fonts/line/unicons-20.svg]
[unicons.iconscout.com/release/v4.0.0/fonts/line/unicons-3.svg]
[unicons.iconscout.com/release/v4.0.0/fonts/line/unicons-4.svg]
[unicons.iconscout.com/release/v4.0.0/fonts/line/unicons-5.svg]
[unicons.iconscout.com/release/v4.0.0/fonts/line/unicons-6.svg]
[unicons.iconscout.com/release/v4.0.0/fonts/line/unicons-7.svg]
[unicons.iconscout.com/release/v4.0.0/fonts/line/unicons-8.svg]
[unicons.iconscout.com/release/v4.0.0/fonts/line/unicons-9.svg]
[unicons.iconscout.com/release/v4.0.0/css/line.css]
[shreethemes.in/bootgen/layouts/css/tiny-slider.css]
[shreethemes.in/bootgen/layouts/css/animate.css]
[shreethemes.in/bootgen/layouts/css/animations-delay.css]
[shreethemes.in/bootgen/layouts/css/tobii.min.css]
[shreethemes.in/bootgen/layouts/images/overlay.png]
[shreethemes.in/bootgen/layouts/css/style.min.css]
[shreethemes.in/bootgen/layouts/css/colors/green.css]
[shreethemes.in/bootgen/layouts/images/client/amazon.svg]
[shreethemes.in/bootgen/layouts/images/client/google.svg]
[shreethemes.in/bootgen/layouts/images/client/lenovo.svg]
[shreethemes.in/bootgen/layouts/images/client/paypal.svg]
[shreethemes.in/bootgen/layouts/images/client/shopify.svg]
[shreethemes.in/bootgen/layouts/images/client/spotify.svg]
[unicons.iconscout.com/release/v4.0.0/fonts/line/unicons-0.svg]
[unicons.iconscout.com/release/v4.0.0/fonts/line/unicons-1.svg]
[unicons.iconscout.com/release/v4.0.0/fonts/line/unicons-10.svg]
[unicons.iconscout.com/release/v4.0.0/fonts/line/unicons-11.svg]
[unicons.iconscout.com/release/v4.0.0/fonts/line/unicons-12.svg]
[unicons.iconscout.com/release/v4.0.0/fonts/line/unicons-13.svg]
[unicons.iconscout.com/release/v4.0.0/fonts/line/unicons-14.svg]
[unicons.iconscout.com/release/v4.0.0/fonts/line/unicons-15.svg]
[unicons.iconscout.com/release/v4.0.0/fonts/line/unicons-16.svg]
[unicons.iconscout.com/release/v4.0.0/fonts/line/unicons-17.svg]
[unicons.iconscout.com/release/v4.0.0/fonts/line/unicons-18.svg]
[unicons.iconscout.com/release/v4.0.0/fonts/line/unicons-19.svg]
[unicons.iconscout.com/release/v4.0.0/fonts/line/unicons-2.svg]
[unicons.iconscout.com/release/v4.0.0/fonts/line/unicons-20.svg]
[unicons.iconscout.com/release/v4.0.0/fonts/line/unicons-3.svg]
[unicons.iconscout.com/release/v4.0.0/fonts/line/unicons-4.svg]
[unicons.iconscout.com/release/v4.0.0/fonts/line/unicons-5.svg]
[unicons.iconscout.com/release/v4.0.0/fonts/line/unicons-6.svg]
[unicons.iconscout.com/release/v4.0.0/fonts/line/unicons-7.svg]
[unicons.iconscout.com/release/v4.0.0/fonts/line/unicons-8.svg]
[unicons.iconscout.com/release/v4.0.0/fonts/line/unicons-9.svg]
