[demo.voidcoders.com/htmldemo/hexa/main-files/index.html]
[backblue.gif]
[fade.gif]
[index.html]
[demo.voidcoders.com/htmldemo/hexa/main-files/assets/css/bootstrap.min.css]
[demo.voidcoders.com/htmldemo/hexa/main-files/assets/css/jquery-ui.css]
[demo.voidcoders.com/htmldemo/hexa/main-files/assets/css/jquery.fancybox.min.css]
[demo.voidcoders.com/htmldemo/hexa/main-files/assets/css/font-awosome.css]
[demo.voidcoders.com/htmldemo/hexa/main-files/assets/flat-font/flaticon.css]
[demo.voidcoders.com/htmldemo/hexa/main-files/assets/icomoon/style.css]
[demo.voidcoders.com/htmldemo/hexa/main-files/assets/icomoon/demo-files/demo.css]
[demo.voidcoders.com/htmldemo/hexa/main-files/assets/css/ticker.min.css]
[demo.voidcoders.com/htmldemo/hexa/main-files/assets/css/owl.carousel.min.css]
[demo.voidcoders.com/htmldemo/hexa/main-files/assets/css/owl.theme.default.min.css]
[demo.voidcoders.com/htmldemo/hexa/main-files/assets/css/sm-core-css.css]
[demo.voidcoders.com/htmldemo/hexa/main-files/assets/css/sm-mint.css]
[demo.voidcoders.com/htmldemo/hexa/main-files/assets/css/sm-style.css]
[demo.voidcoders.com/htmldemo/hexa/main-files/assets/css/aos.css]
[demo.voidcoders.com/htmldemo/hexa/main-files/assets/css/animate.min.css]
[demo.voidcoders.com/htmldemo/hexa/main-files/assets/css/magnific-popup.css]
[demo.voidcoders.com/htmldemo/hexa/main-files/assets/css/style.css]
[demo.voidcoders.com/htmldemo/hexa/main-files/assets/img/favicon.jpg]
[demo.voidcoders.com/htmldemo/hexa/main-files/assets/img/logo.png]
[demo.voidcoders.com/htmldemo/hexa/main-files/index-2.html]
[demo.voidcoders.com/htmldemo/hexa/main-files/index-3.html]
[demo.voidcoders.com/htmldemo/hexa/main-files/about-us.html]
[demo.voidcoders.com/htmldemo/hexa/main-files/service.html]
[demo.voidcoders.com/htmldemo/hexa/main-files/service-details.html]
[demo.voidcoders.com/htmldemo/hexa/main-files/404.html]
[demo.voidcoders.com/htmldemo/hexa/main-files/faq.html]
[demo.voidcoders.com/htmldemo/hexa/main-files/team.html]
[demo.voidcoders.com/htmldemo/hexa/main-files/pricing.html]
[demo.voidcoders.com/htmldemo/hexa/main-files/project.html]
[demo.voidcoders.com/htmldemo/hexa/main-files/project-details.html]
[demo.voidcoders.com/htmldemo/hexa/main-files/testimonial.html]
[demo.voidcoders.com/htmldemo/hexa/main-files/blog.html]
[demo.voidcoders.com/htmldemo/hexa/main-files/blog-left.html]
[demo.voidcoders.com/htmldemo/hexa/main-files/blog-right.html]
[demo.voidcoders.com/htmldemo/hexa/main-files/blog-details.html]
[demo.voidcoders.com/htmldemo/hexa/main-files/contact.html]
[demo.voidcoders.com/htmldemo/hexa/main-files/assets/img/hero/hero-image1.png]
[demo.voidcoders.com/htmldemo/hexa/main-files/assets/img/about/protect-img1.png]
[demo.voidcoders.com/htmldemo/hexa/main-files/assets/img/icon/icon.png]
[demo.voidcoders.com/htmldemo/hexa/main-files/assets/img/icon/icon2.png]
[demo.voidcoders.com/htmldemo/hexa/main-files/assets/img/icon/icon3.png]
[demo.voidcoders.com/htmldemo/hexa/main-files/assets/img/icon/icon4.png]
[demo.voidcoders.com/htmldemo/hexa/main-files/assets/img/icon/icons5.png]
[demo.voidcoders.com/htmldemo/hexa/main-files/assets/img/icon/icon6.png]
[demo.voidcoders.com/htmldemo/hexa/main-files/assets/img/blog/offer1.jpg]
[demo.voidcoders.com/htmldemo/hexa/main-files/assets/img/blog/offers2.jpg]
[demo.voidcoders.com/htmldemo/hexa/main-files/assets/img/blog/offer3.jpg]
[demo.voidcoders.com/htmldemo/hexa/main-files/assets/img/slider-img/service-slider1.jpg]
[demo.voidcoders.com/htmldemo/hexa/main-files/assets/img/slider-img/service-slider2.jpg]
[demo.voidcoders.com/htmldemo/hexa/main-files/assets/img/slider-img/service-slider3.jpg]
[demo.voidcoders.com/htmldemo/hexa/main-files/assets/img/slider-img/client1.jpg]
[demo.voidcoders.com/htmldemo/hexa/main-files/assets/img/blog/blog1.jpg]
[demo.voidcoders.com/htmldemo/hexa/main-files/assets/img/blog/blog2.jpg]
[demo.voidcoders.com/htmldemo/hexa/main-files/assets/img/blog/blog3.jpg]
[demo.voidcoders.com/cdn-cgi/scripts/5c5dd728/cloudflare-static/email-decode.min.js]
[demo.voidcoders.com/htmldemo/hexa/main-files/assets/js/jquery-3.4.1.min.js]
[demo.voidcoders.com/htmldemo/hexa/main-files/assets/js/bootstrap.min.js]
[demo.voidcoders.com/htmldemo/hexa/main-files/assets/js/aos.js]
[demo.voidcoders.com/htmldemo/hexa/main-files/assets/js/jquery-ui.js]
[demo.voidcoders.com/htmldemo/hexa/main-files/assets/js/jquery.smartmenus.js]
[demo.voidcoders.com/htmldemo/hexa/main-files/assets/js/owl.carousel.min.js]
[demo.voidcoders.com/htmldemo/hexa/main-files/assets/js/jquery.fancybox.min.js]
[demo.voidcoders.com/htmldemo/hexa/main-files/assets/js/jquery.magnific-popup.min.js]
[demo.voidcoders.com/htmldemo/hexa/main-files/assets/js/jquery.counterup.min.js]
[demo.voidcoders.com/htmldemo/hexa/main-files/assets/js/waypoints.min.js]
[demo.voidcoders.com/htmldemo/hexa/main-files/assets/js/lottie-player.js]
[demo.voidcoders.com/htmldemo/hexa/main-files/assets/js/theme.js]
[demo.voidcoders.com/htmldemo/hexa/main-files/index.html]
[fonts.gstatic.com/index.html]
[fonts.googleapis.com/css273fe.css]
[fonts.googleapis.com/css2e9cf.css]
[demo.voidcoders.com/htmldemo/hexa/main-files/assets/img/logo2.png]
[demo.voidcoders.com/htmldemo/hexa/main-files/assets/img/about/about1.jpg]
[demo.voidcoders.com/htmldemo/hexa/main-files/assets/img/icon/icon7.png]
[demo.voidcoders.com/htmldemo/hexa/main-files/assets/img/icon/about-icon1.png]
[demo.voidcoders.com/htmldemo/hexa/main-files/assets/img/icon/about-icon2.png]
[demo.voidcoders.com/htmldemo/hexa/main-files/assets/img/icon/about-icon3.png]
[demo.voidcoders.com/htmldemo/hexa/main-files/assets/img/icon/about-icon4.png]
[demo.voidcoders.com/htmldemo/hexa/main-files/assets/img/slider-img/blog5.jpg]
[demo.voidcoders.com/htmldemo/hexa/main-files/assets/img/slider-img/blog6.jpg]
[demo.voidcoders.com/htmldemo/hexa/main-files/assets/img/slider-img/blog4.jpg]
[demo.voidcoders.com/htmldemo/hexa/main-files/assets/img/team/team1.jpg]
[demo.voidcoders.com/htmldemo/hexa/main-files/assets/img/team/team2.jpg]
[demo.voidcoders.com/htmldemo/hexa/main-files/assets/img/team/team3.jpg]
[demo.voidcoders.com/htmldemo/hexa/main-files/assets/img/blog/blog4.jpg]
[demo.voidcoders.com/htmldemo/hexa/main-files/assets/img/blog/blog5.jpg]
[demo.voidcoders.com/htmldemo/hexa/main-files/assets/img/blog/blog6.jpg]
[demo.voidcoders.com/htmldemo/hexa/main-files/index-2.html]
[demo.voidcoders.com/htmldemo/hexa/main-files/assets/img/logo3.png]
[demo.voidcoders.com/htmldemo/hexa/main-files/transparent]
[demo.voidcoders.com/htmldemo/hexa/main-files/assets/img/bg-element/video2.png]
[demo.voidcoders.com/htmldemo/hexa/main-files/assets/img/icon/clency_logo.png]
[demo.voidcoders.com/htmldemo/hexa/main-files/assets/img/icon/client2.png]
[demo.voidcoders.com/htmldemo/hexa/main-files/assets/img/icon/client3.png]
[demo.voidcoders.com/htmldemo/hexa/main-files/assets/img/icon/client4.png]
[demo.voidcoders.com/htmldemo/hexa/main-files/index-3.html]
[demo.voidcoders.com/htmldemo/hexa/main-files/about-us.html]
[demo.voidcoders.com/htmldemo/hexa/main-files/service.html]
[demo.voidcoders.com/htmldemo/hexa/main-files/assets/img/about/service-details-img1.jpg]
[demo.voidcoders.com/htmldemo/hexa/main-files/assets/img/about/service-details-img2.jpg]
[demo.voidcoders.com/htmldemo/hexa/main-files/assets/img/about/service-details-img3.jpg]
[demo.voidcoders.com/htmldemo/hexa/main-files/assets/img/icon/c-icon1.svg]
[demo.voidcoders.com/htmldemo/hexa/main-files/assets/img/icon/c-icon2.svg]
[demo.voidcoders.com/htmldemo/hexa/main-files/assets/img/icon/c-icon3.svg]
[demo.voidcoders.com/htmldemo/hexa/main-files/assets/img/icon/c-icon4.svg]
[demo.voidcoders.com/htmldemo/hexa/main-files/assets/img/icon/c-icon5.svg]
[demo.voidcoders.com/htmldemo/hexa/main-files/service-details.html]
[demo.voidcoders.com/htmldemo/hexa/main-files/404.html]
[demo.voidcoders.com/htmldemo/hexa/main-files/faq.html]
[demo.voidcoders.com/htmldemo/hexa/main-files/assets/img/team/team4.jpg]
[demo.voidcoders.com/htmldemo/hexa/main-files/assets/img/team/team5.jpg]
[demo.voidcoders.com/htmldemo/hexa/main-files/assets/img/team/team6.jpg]
[demo.voidcoders.com/htmldemo/hexa/main-files/assets/img/team/team7.jpg]
[demo.voidcoders.com/htmldemo/hexa/main-files/assets/img/team/team8.jpg]
[demo.voidcoders.com/htmldemo/hexa/main-files/assets/img/team/team9.jpg]
[demo.voidcoders.com/htmldemo/hexa/main-files/team.html]
[demo.voidcoders.com/htmldemo/hexa/main-files/pricing.html]
[demo.voidcoders.com/htmldemo/hexa/main-files/assets/img/portfolio/project1.png]
[demo.voidcoders.com/htmldemo/hexa/main-files/assets/img/portfolio/project2.png]
[demo.voidcoders.com/htmldemo/hexa/main-files/assets/img/portfolio/project3.png]
[demo.voidcoders.com/htmldemo/hexa/main-files/assets/img/portfolio/project4.png]
[demo.voidcoders.com/htmldemo/hexa/main-files/assets/img/portfolio/project6.png]
[demo.voidcoders.com/htmldemo/hexa/main-files/assets/img/portfolio/project5.png]
[demo.voidcoders.com/htmldemo/hexa/main-files/assets/js/shuffle.js]
[demo.voidcoders.com/htmldemo/hexa/main-files/project.html]
[demo.voidcoders.com/htmldemo/hexa/main-files/assets/img/about/project-details.jpg]
[demo.voidcoders.com/htmldemo/hexa/main-files/project-details.html]
[demo.voidcoders.com/htmldemo/hexa/main-files/testimonial.html]
[demo.voidcoders.com/htmldemo/hexa/main-files/assets/img/blog/blog7.jpg]
[demo.voidcoders.com/htmldemo/hexa/main-files/assets/img/blog/blog8.jpg]
[demo.voidcoders.com/htmldemo/hexa/main-files/assets/img/blog/blog9.jpg]
[demo.voidcoders.com/htmldemo/hexa/main-files/assets/img/blog/blog10.jpg]
[demo.voidcoders.com/htmldemo/hexa/main-files/assets/img/blog/blog11.jpg]
[demo.voidcoders.com/htmldemo/hexa/main-files/assets/img/blog/blog12.jpg]
[demo.voidcoders.com/htmldemo/hexa/main-files/blog.html]
[demo.voidcoders.com/htmldemo/hexa/main-files/assets/css/calender.css]
[demo.voidcoders.com/htmldemo/hexa/main-files/assets/img/blog/blog13.jpg]
[demo.voidcoders.com/htmldemo/hexa/main-files/assets/img/blog/blog14.jpg]
[demo.voidcoders.com/htmldemo/hexa/main-files/assets/img/blog/f-post1.jpg]
[demo.voidcoders.com/htmldemo/hexa/main-files/assets/img/blog/f-post2.jpg]
[demo.voidcoders.com/htmldemo/hexa/main-files/assets/img/blog/f-post3.jpg]
[demo.voidcoders.com/htmldemo/hexa/main-files/assets/img/blog/f-post4.jpg]
[demo.voidcoders.com/htmldemo/hexa/main-files/blog-left.html]
[demo.voidcoders.com/htmldemo/hexa/main-files/assets/js/script.js]
[demo.voidcoders.com/htmldemo/hexa/main-files/blog-right.html]
[demo.voidcoders.com/htmldemo/hexa/main-files/assets/img/blog/bloger.jpg]
[demo.voidcoders.com/htmldemo/hexa/main-files/assets/img/blog/comment-img.jpg]
[demo.voidcoders.com/htmldemo/hexa/main-files/assets/img/blog/comment-img2.jpg]
[demo.voidcoders.com/htmldemo/hexa/main-files/assets/img/blog/comment-im3.jpg]
[demo.voidcoders.com/htmldemo/hexa/main-files/blog-details.html]
[demo.voidcoders.com/htmldemo/hexa/main-files/contact.html]
[demo.voidcoders.com/htmldemo/hexa/main-files/transparent.html]
[demo.voidcoders.com/htmldemo/hexa/main-files/assets/css/bootstrap.min.css]
[demo.voidcoders.com/htmldemo/hexa/main-files/assets/css/images/ui-icons_444444_256x240.png]
[demo.voidcoders.com/htmldemo/hexa/main-files/assets/css/images/ui-icons_555555_256x240.png]
[demo.voidcoders.com/htmldemo/hexa/main-files/assets/css/images/ui-icons_ffffff_256x240.png]
[demo.voidcoders.com/htmldemo/hexa/main-files/assets/css/images/ui-icons_777620_256x240.png]
[demo.voidcoders.com/htmldemo/hexa/main-files/assets/css/images/ui-icons_cc0000_256x240.png]
[demo.voidcoders.com/htmldemo/hexa/main-files/assets/css/images/ui-icons_777777_256x240.png]
[demo.voidcoders.com/htmldemo/hexa/main-files/assets/css/jquery-ui.css]
[demo.voidcoders.com/htmldemo/hexa/main-files/assets/css/jquery.fancybox.min.css]
[demo.voidcoders.com/htmldemo/hexa/main-files/assets/webfonts/fa-brands-400.eot]
[demo.voidcoders.com/htmldemo/hexa/main-files/assets/webfonts/fa-brands-400d41d.eot]
[demo.voidcoders.com/htmldemo/hexa/main-files/assets/webfonts/fa-brands-400.woff2]
[demo.voidcoders.com/htmldemo/hexa/main-files/assets/webfonts/fa-brands-400.woff]
[demo.voidcoders.com/htmldemo/hexa/main-files/assets/webfonts/fa-brands-400.ttf]
[demo.voidcoders.com/htmldemo/hexa/main-files/assets/webfonts/fa-brands-400.svg]
[demo.voidcoders.com/htmldemo/hexa/main-files/assets/webfonts/fa-regular-400.eot]
[demo.voidcoders.com/htmldemo/hexa/main-files/assets/webfonts/fa-regular-400d41d.eot]
[demo.voidcoders.com/htmldemo/hexa/main-files/assets/webfonts/fa-regular-400.woff2]
[demo.voidcoders.com/htmldemo/hexa/main-files/assets/webfonts/fa-regular-400.woff]
[demo.voidcoders.com/htmldemo/hexa/main-files/assets/webfonts/fa-regular-400.ttf]
[demo.voidcoders.com/htmldemo/hexa/main-files/assets/webfonts/fa-regular-400.svg]
[demo.voidcoders.com/htmldemo/hexa/main-files/assets/webfonts/fa-solid-900.eot]
[demo.voidcoders.com/htmldemo/hexa/main-files/assets/webfonts/fa-solid-900d41d.eot]
[demo.voidcoders.com/htmldemo/hexa/main-files/assets/webfonts/fa-solid-900.woff2]
[demo.voidcoders.com/htmldemo/hexa/main-files/assets/webfonts/fa-solid-900.woff]
[demo.voidcoders.com/htmldemo/hexa/main-files/assets/webfonts/fa-solid-900.ttf]
[demo.voidcoders.com/htmldemo/hexa/main-files/assets/css/font-awosome.css]
[demo.voidcoders.com/htmldemo/hexa/main-files/assets/webfonts/fa-solid-900.svg]
[demo.voidcoders.com/htmldemo/hexa/main-files/assets/flat-font/Flaticon.eot]
[demo.voidcoders.com/htmldemo/hexa/main-files/assets/flat-font/Flaticond41d.eot]
[demo.voidcoders.com/htmldemo/hexa/main-files/assets/flat-font/Flaticon.woff2]
[demo.voidcoders.com/htmldemo/hexa/main-files/assets/flat-font/Flaticon.woff]
[demo.voidcoders.com/htmldemo/hexa/main-files/assets/flat-font/Flaticon.ttf]
[demo.voidcoders.com/htmldemo/hexa/main-files/assets/flat-font/Flaticon.svg]
[demo.voidcoders.com/htmldemo/hexa/main-files/assets/flat-font/flaticon.css]
[demo.voidcoders.com/htmldemo/hexa/main-files/assets/icomoon/fonts/icomoon4529.eot]
[demo.voidcoders.com/htmldemo/hexa/main-files/assets/icomoon/fonts/icomoon4529.ttf]
[demo.voidcoders.com/htmldemo/hexa/main-files/assets/icomoon/fonts/icomoon4529.woff]
[demo.voidcoders.com/htmldemo/hexa/main-files/assets/icomoon/fonts/icomoon4529.svg]
[demo.voidcoders.com/htmldemo/hexa/main-files/assets/icomoon/style.css]
[demo.voidcoders.com/htmldemo/hexa/main-files/assets/icomoon/demo-files/demo.css]
[demo.voidcoders.com/htmldemo/hexa/main-files/assets/css/ticker.min.css]
[demo.voidcoders.com/htmldemo/hexa/main-files/assets/css/owl.video.play.png]
[demo.voidcoders.com/htmldemo/hexa/main-files/assets/css/owl.carousel.min.css]
[demo.voidcoders.com/htmldemo/hexa/main-files/assets/css/owl.theme.default.min.css]
[demo.voidcoders.com/htmldemo/hexa/main-files/assets/css/sm-core-css.css]
[demo.voidcoders.com/htmldemo/hexa/main-files/assets/css/sm-mint.css]
[demo.voidcoders.com/htmldemo/hexa/main-files/assets/css/sm-style.css]
[demo.voidcoders.com/htmldemo/hexa/main-files/assets/css/aos.css]
[demo.voidcoders.com/htmldemo/hexa/main-files/assets/css/animate.min.css]
[demo.voidcoders.com/htmldemo/hexa/main-files/assets/css/magnific-popup.css]
[demo.voidcoders.com/htmldemo/hexa/main-files/assets/img/Preloder.gif]
[demo.voidcoders.com/htmldemo/hexa/main-files/assets/img/poka.png]
[demo.voidcoders.com/htmldemo/hexa/main-files/assets/img/hero/hero.jpg]
[demo.voidcoders.com/htmldemo/hexa/main-files/assets/img/hero/hero2.jpg]
[demo.voidcoders.com/htmldemo/hexa/main-files/assets/img/bg-element/hero-3bg.png]
[demo.voidcoders.com/htmldemo/hexa/main-files/assets/img/hero/inner-hero.jpg]
[demo.voidcoders.com/htmldemo/hexa/main-files/assets/img/about/protect-bg.png]
[demo.voidcoders.com/htmldemo/hexa/main-files/assets/img/about/about-bg.jpg]
[demo.voidcoders.com/htmldemo/hexa/main-files/assets/img/about/about2.png]
[demo.voidcoders.com/htmldemo/hexa/main-files/assets/img/bg-element/Element.png]
[demo.voidcoders.com/htmldemo/hexa/main-files/assets/img/bg-element/element2.png]
[demo.voidcoders.com/htmldemo/hexa/main-files/assets/img/bg-element/appointment-bg.png]
[demo.voidcoders.com/htmldemo/hexa/main-files/assets/img/bg-element/appoirnment-2.jpg]
[demo.voidcoders.com/htmldemo/hexa/main-files/assets/img/bg-element/appoirnment-3.jpg]
[demo.voidcoders.com/htmldemo/hexa/main-files/assets/img/bg-element/appoirnment3.jpg]
[demo.voidcoders.com/htmldemo/hexa/main-files/assets/img/about/service-details-img4.jpg]
[demo.voidcoders.com/htmldemo/hexa/main-files/assets/css/style.css]
[demo.voidcoders.com/htmldemo/hexa/main-files/assets/js/jquery-3.4.1.min.js]
[demo.voidcoders.com/htmldemo/hexa/main-files/assets/img/hero/herortl.jpg]
[demo.voidcoders.com/htmldemo/hexa/main-files/popper.js]
[demo.voidcoders.com/htmldemo/hexa/main-files/assets/js/bootstrap.min.js]
[demo.voidcoders.com/htmldemo/hexa/main-files/assets/js/aos.js]
[demo.voidcoders.com/htmldemo/hexa/main-files/assets/js/jquery-ui.js]
[demo.voidcoders.com/htmldemo/hexa/main-files/assets/js/jquery.smartmenus.js]
[demo.voidcoders.com/htmldemo/hexa/main-files/assets/js/owl.carousel.min.js]
[demo.voidcoders.com/htmldemo/hexa/main-files/assets/js/jquery.fancybox.min.js]
[demo.voidcoders.com/htmldemo/hexa/main-files/assets/js/jquery.magnific-popup.min.js]
[demo.voidcoders.com/htmldemo/hexa/main-files/assets/js/jquery.counterup.min.js]
[demo.voidcoders.com/htmldemo/hexa/main-files/assets/js/waypoints.min.js]
[demo.voidcoders.com/htmldemo/hexa/main-files/t,window.location.href]
[demo.voidcoders.com/htmldemo/hexa/main-files/assets/js/lottie-player.js]
[demo.voidcoders.com/htmldemo/hexa/main-files/assets/js/theme.js]
[demo.voidcoders.com/htmldemo/hexa/main-files/assets/img/icon/c-icon1.svg]
[demo.voidcoders.com/htmldemo/hexa/main-files/assets/img/icon/c-icon2.svg]
[demo.voidcoders.com/htmldemo/hexa/main-files/assets/img/icon/c-icon3.svg]
[demo.voidcoders.com/htmldemo/hexa/main-files/assets/img/icon/c-icon4.svg]
[demo.voidcoders.com/htmldemo/hexa/main-files/assets/img/icon/c-icon5.svg]
[demo.voidcoders.com/htmldemo/hexa/main-files/assets/js/shuffle.js]
[demo.voidcoders.com/htmldemo/hexa/main-files/assets/css/calender.css]
[demo.voidcoders.com/htmldemo/hexa/main-files/assets/js/script.js]
[demo.voidcoders.com/htmldemo/hexa/main-files/assets/css/images/ui-icons_444444_256x240.html]
[demo.voidcoders.com/htmldemo/hexa/main-files/assets/css/images/ui-icons_555555_256x240.html]
[demo.voidcoders.com/htmldemo/hexa/main-files/assets/css/images/ui-icons_ffffff_256x240.html]
[demo.voidcoders.com/htmldemo/hexa/main-files/assets/css/images/ui-icons_777620_256x240.html]
[demo.voidcoders.com/htmldemo/hexa/main-files/assets/css/images/ui-icons_cc0000_256x240.html]
[demo.voidcoders.com/htmldemo/hexa/main-files/assets/css/images/ui-icons_777777_256x240.html]
[demo.voidcoders.com/htmldemo/hexa/main-files/assets/webfonts/fa-brands-400.svg]
[demo.voidcoders.com/htmldemo/hexa/main-files/assets/webfonts/fa-regular-400.svg]
[demo.voidcoders.com/htmldemo/hexa/main-files/assets/webfonts/fa-solid-900.svg]
[demo.voidcoders.com/htmldemo/hexa/main-files/assets/flat-font/Flaticon.svg]
[demo.voidcoders.com/htmldemo/hexa/main-files/assets/icomoon/fonts/icomoon4529.svg]
[demo.voidcoders.com/htmldemo/hexa/main-files/assets/css/owl.video.play.html]
[demo.voidcoders.com/htmldemo/hexa/main-files/popper.html]
[demo.voidcoders.com/htmldemo/hexa/main-files/t,window.location.html]
