[onekit.madethemes.com/index.html]
[backblue.gif]
[fade.gif]
[index.html]
[onekit.madethemes.com/src/plugins/aos/dist/aos.css]
[onekit.madethemes.com/src/plugins/lightgallery.js/dist/css/lightgallery.min.css]
[onekit.madethemes.com/src/plugins/flickity/dist/flickity.min.css]
[onekit.madethemes.com/src/css/theme.css]
[onekit.madethemes.com/src/js/pwa/manifest.json]
[onekit.madethemes.com/src/img-min/logo/apple-icon.png]
[onekit.madethemes.com/src/img-min/logo/logo-light.png]
[onekit.madethemes.com/src/img-min/logo/logo.png]
[onekit.madethemes.com/index-agency.html]
[onekit.madethemes.com/index-company.html]
[onekit.madethemes.com/index-coworking.html]
[onekit.madethemes.com/index-course.html]
[onekit.madethemes.com/index-portfolio.html]
[onekit.madethemes.com/index-default.html]
[onekit.madethemes.com/index-apps.html]
[onekit.madethemes.com/index-desktop.html]
[onekit.madethemes.com/index-personal.html]
[onekit.madethemes.com/index-event.html]
[onekit.madethemes.com/404.html]
[onekit.madethemes.com/classic-page.html]
[onekit.madethemes.com/coming-soon.html]
[onekit.madethemes.com/faq.html]
[onekit.madethemes.com/terms.html]
[onekit.madethemes.com/about.html]
[onekit.madethemes.com/career.html]
[onekit.madethemes.com/contact.html]
[onekit.madethemes.com/portfolio.html]
[onekit.madethemes.com/pricing.html]
[onekit.madethemes.com/service.html]
[onekit.madethemes.com/category.html]
[onekit.madethemes.com/search.html]
[onekit.madethemes.com/author.html]
[onekit.madethemes.com/single.html]
[onekit.madethemes.com/classic-post.html]
[onekit.madethemes.com/login.html]
[onekit.madethemes.com/register.html]
[onekit.madethemes.com/forgot.html]
[onekit.madethemes.com/src/img-min/bg/bg-business.jpg]
[onekit.madethemes.com/index-2.html]
[onekit.madethemes.com/sections/blog.html]
[onekit.madethemes.com/sections/brand.html]
[onekit.madethemes.com/sections/collage.html]
[onekit.madethemes.com/sections/contact.html]
[onekit.madethemes.com/sections/content.html]
[onekit.madethemes.com/sections/counter.html]
[onekit.madethemes.com/sections/cta.html]
[onekit.madethemes.com/sections/download.html]
[onekit.madethemes.com/sections/faq.html]
[onekit.madethemes.com/sections/feature.html]
[onekit.madethemes.com/sections/footer.html]
[onekit.madethemes.com/sections/header.html]
[onekit.madethemes.com/sections/hero.html]
[onekit.madethemes.com/sections/newsletter.html]
[onekit.madethemes.com/sections/portfolio.html]
[onekit.madethemes.com/sections/pricing.html]
[onekit.madethemes.com/sections/process.html]
[onekit.madethemes.com/sections/progress.html]
[onekit.madethemes.com/sections/review.html]
[onekit.madethemes.com/sections/service.html]
[onekit.madethemes.com/sections/slider.html]
[onekit.madethemes.com/sections/team.html]
[onekit.madethemes.com/sections/video.html]
[onekit.madethemes.com/sections/other.html]
[onekit.madethemes.com/docs/index.html]
[onekit.madethemes.com/docs/components/alerts.html]
[onekit.madethemes.com/docs/getting-started/changelog.html]
[onekit.madethemes.com/docs/svg-img/ionicons.html]
[onekit.madethemes.com/src/img-min/svg/start_up.svg]
[onekit.madethemes.com/src/img-min/demo/img1.jpg]
[onekit.madethemes.com/src/img-min/demo/img2.jpg]
[onekit.madethemes.com/src/img-min/demo/img8.jpg]
[onekit.madethemes.com/src/img-min/demo/img4.jpg]
[onekit.madethemes.com/src/img-min/demo/img5.jpg]
[onekit.madethemes.com/src/img-min/demo/img6.jpg]
[onekit.madethemes.com/src/img-min/demo/img7.jpg]
[onekit.madethemes.com/src/img-min/demo/img3.jpg]
[onekit.madethemes.com/src/img-min/demo/img9.jpg]
[onekit.madethemes.com/src/img-min/section/overview1.jpg]
[onekit.madethemes.com/src/img-min/app/qr-demo.png]
[onekit.madethemes.com/src/img-min/svg/rocket_boy.svg]
[onekit.madethemes.com/src/img-min/svg/coding.svg]
[onekit.madethemes.com/index-rtl.html]
[onekit.madethemes.com/src/img-min/svg/wallet.svg]
[onekit.madethemes.com/src/plugins/bootstrap/dist/js/bootstrap.bundle.min.js]
[onekit.madethemes.com/src/plugins/jarallax/dist/jarallax.min.js]
[onekit.madethemes.com/src/plugins/jarallax/dist/jarallax-video.min.js]
[onekit.madethemes.com/src/plugins/lightgallery.js/dist/js/lightgallery.min.js]
[onekit.madethemes.com/src/plugins/lightgallery.js/demo/js/lg-thumbnail.min.js]
[onekit.madethemes.com/src/plugins/lightgallery.js/demo/js/lg-video.js]
[onekit.madethemes.com/src/plugins/aos/dist/aos.js]
[onekit.madethemes.com/src/plugins/waypoints/lib/noframework.waypoints.min.js]
[onekit.madethemes.com/src/plugins/counterup2/dist/index.js]
[onekit.madethemes.com/src/plugins/flickity/dist/flickity.pkgd.min.js]
[onekit.madethemes.com/src/plugins/typed.js/lib/typed.min.js]
[onekit.madethemes.com/src/plugins/isotope-layout/dist/isotope.pkgd.min.js]
[onekit.madethemes.com/src/plugins/smooth-scroll/dist/smooth-scroll.polyfills.min.js]
[onekit.madethemes.com/src/plugins/vanilla-lazyload/dist/lazyload.min.js]
[onekit.madethemes.com/src/plugins/hc-sticky/dist/hc-sticky.js]
[onekit.madethemes.com/src/js/theme.js]
[onekit.madethemes.com/index.html]
[fonts.googleapis.com/css267f3.css]
[onekit.madethemes.com/src/img-min/section/company1.jpg]
[onekit.madethemes.com/src/img-min/section/purple-laptop.jpg]
[onekit.madethemes.com/src/img-min/team/avatar1.png]
[onekit.madethemes.com/src/img-min/team/avatar2.png]
[onekit.madethemes.com/src/img-min/team/avatar3.png]
[onekit.madethemes.com/src/img-min/team/avatar4.png]
[onekit.madethemes.com/src/img-min/bg/bg-planet.jpg]
[onekit.madethemes.com/src/img-min/blog/blog1.jpg]
[onekit.madethemes.com/src/img-min/blog/blog2.jpg]
[onekit.madethemes.com/src/img-min/blog/blog3.jpg]
[onekit.madethemes.com/src/img-min/avatar/img2-small.jpg]
[onekit.madethemes.com/src/img-min/avatar/img3-small.jpg]
[onekit.madethemes.com/src/img-min/avatar/img1-small.jpg]
[onekit.madethemes.com/index-agency.html]
[onekit.madethemes.com/src/img-min/bg/bg.jpg]
[onekit.madethemes.com/src/img-min/bg/bg3.jpg]
[onekit.madethemes.com/index-company.html]
[onekit.madethemes.com/src/img-min/svg/presentation2.svg]
[onekit.madethemes.com/src/img-min/section/coworking3.jpg]
[onekit.madethemes.com/src/img-min/brand/img1.png]
[onekit.madethemes.com/src/img-min/brand/img2.png]
[onekit.madethemes.com/src/img-min/brand/img3.png]
[onekit.madethemes.com/src/img-min/brand/img4.png]
[onekit.madethemes.com/src/img-min/brand/img5.png]
[onekit.madethemes.com/src/img-min/brand/img6.png]
[onekit.madethemes.com/src/img/section/coworking3.jpg]
[onekit.madethemes.com/src/img/section/coworking4.jpg]
[onekit.madethemes.com/index-coworking.html]
[onekit.madethemes.com/src/img-min/avatar/avatar.png]
[onekit.madethemes.com/src/img-min/bg/bg-coding.jpg]
[onekit.madethemes.com/src/img-min/svg/course.svg]
[onekit.madethemes.com/src/img-min/svg/course2.svg]
[onekit.madethemes.com/src/img-min/bg/bg-learning.jpg]
[onekit.madethemes.com/src/img-min/section/tshirt.png]
[onekit.madethemes.com/index-course.html]
[onekit.madethemes.com/src/img-min/portfolio/digital1.jpg]
[onekit.madethemes.com/src/img-min/portfolio/digital2.jpg]
[onekit.madethemes.com/src/img-min/portfolio/digital3.jpg]
[onekit.madethemes.com/src/img-min/portfolio/digital4.jpg]
[onekit.madethemes.com/src/img-min/portfolio/digital5.jpg]
[onekit.madethemes.com/src/img-min/portfolio/digital1-small.jpg]
[onekit.madethemes.com/src/img-min/portfolio/digital2-small.jpg]
[onekit.madethemes.com/src/img-min/portfolio/digital3-small.jpg]
[onekit.madethemes.com/src/img-min/portfolio/digital4-small.jpg]
[onekit.madethemes.com/src/img-min/portfolio/digital5-small.jpg]
[onekit.madethemes.com/src/img-min/portfolio/digital6-small.jpg]
[onekit.madethemes.com/index-portfolio.html]
[onekit.madethemes.com/src/img-min/team/avatar1-small.png]
[onekit.madethemes.com/src/img-min/team/avatar2-small.png]
[onekit.madethemes.com/src/img-min/app/android-potrait.jpg]
[onekit.madethemes.com/src/img-min/app/device/android-dark.png]
[onekit.madethemes.com/index-default.html]
[onekit.madethemes.com/src/img-min/app/app-mobile2.jpg]
[onekit.madethemes.com/src/img-min/app/app3.jpg]
[onekit.madethemes.com/src/img-min/app/device/iphone-dark.png]
[onekit.madethemes.com/src/img-min/app/app1.jpg]
[onekit.madethemes.com/src/img-min/svg/protect.svg]
[onekit.madethemes.com/src/img-min/app/app2.jpg]
[onekit.madethemes.com/src/img-min/app/app4.jpg]
[onekit.madethemes.com/src/img-min/app/app5.jpg]
[onekit.madethemes.com/index-apps.html]
[onekit.madethemes.com/src/img/app/macbook-screen2.jpg]
[onekit.madethemes.com/src/img/app/device/macbook.png]
[onekit.madethemes.com/src/img/app/iphone-potrait2.jpg]
[onekit.madethemes.com/index-desktop.html]
[onekit.madethemes.com/src/img-min/section/app-desktop2.jpg]
[onekit.madethemes.com/src/img-min/section/profile.jpg]
[onekit.madethemes.com/index-personal.html]
[onekit.madethemes.com/src/img/bg/bg-event.jpg]
[onekit.madethemes.com/src/img/svg/discussion.svg]
[onekit.madethemes.com/src/img/svg/stand.svg]
[onekit.madethemes.com/src/img/team/avatar1.png]
[onekit.madethemes.com/src/img/team/avatar2.png]
[onekit.madethemes.com/src/img/team/avatar3.png]
[onekit.madethemes.com/src/img/team/avatar2-small.png]
[onekit.madethemes.com/src/img/team/avatar1-small.png]
[onekit.madethemes.com/src/img/team/avatar3-small.png]
[onekit.madethemes.com/src/img/team/avatar4-small.png]
[onekit.madethemes.com/src/img/bg/bg-event2.jpg]
[onekit.madethemes.com/src/img/section/event1.jpg]
[onekit.madethemes.com/src/img/section/event2.jpg]
[onekit.madethemes.com/index-event.html]
[onekit.madethemes.com/src/img/section/event3.jpg]
[onekit.madethemes.com/404.html]
[onekit.madethemes.com/classic-page.html]
[onekit.madethemes.com/coming-soon.html]
[onekit.madethemes.com/faq.html]
[onekit.madethemes.com/terms.html]
[onekit.madethemes.com/src/img-min/svg/404.svg]
[onekit.madethemes.com/src/img-min/section/company2.jpg]
[onekit.madethemes.com/src/img-min/team/avatar3-small.png]
[onekit.madethemes.com/src/img-min/team/avatar4-small.png]
[onekit.madethemes.com/about.html]
[onekit.madethemes.com/src/img-min/svg/career.svg]
[onekit.madethemes.com/career.html]
[onekit.madethemes.com/contact.html]
[onekit.madethemes.com/portfolio.html]
[onekit.madethemes.com/pricing.html]
[onekit.madethemes.com/src/img/brand/img1.png]
[onekit.madethemes.com/src/img/brand/img2.png]
[onekit.madethemes.com/src/img/brand/img3.png]
[onekit.madethemes.com/src/img/brand/img4.png]
[onekit.madethemes.com/src/img/brand/img5.png]
[onekit.madethemes.com/src/img/brand/img6.png]
[onekit.madethemes.com/service.html]
[onekit.madethemes.com/src/img-min/blog/blog4.jpg]
[onekit.madethemes.com/src/img-min/blog/blog5.jpg]
[onekit.madethemes.com/src/img-min/blog/blog6.jpg]
[onekit.madethemes.com/category.html]
[onekit.madethemes.com/search.html]
[onekit.madethemes.com/author.html]
[onekit.madethemes.com/src/img-min/blog/blog7.jpg]
[onekit.madethemes.com/src/img-min/blog/blog9.jpg]
[onekit.madethemes.com/src/img-min/blog/blog10.jpg]
[onekit.madethemes.com/single.html]
[onekit.madethemes.com/classic-post.html]
[onekit.madethemes.com/login.html]
[onekit.madethemes.com/register.html]
[onekit.madethemes.com/forgot.html]
[onekit.madethemes.com/index-2.html]
[onekit.madethemes.com/docs/assets/css/prism.css]
[onekit.madethemes.com/docs/assets/js/prism/prism.js]
[onekit.madethemes.com/sections/blog.html]
[onekit.madethemes.com/sections/brand.html]
[onekit.madethemes.com/sections/collage.html]
[onekit.madethemes.com/sections/contact.html]
[onekit.madethemes.com/src/img-min/section/story-two.jpg]
[onekit.madethemes.com/src/img-min/section/story-three.jpg]
[onekit.madethemes.com/src/img-min/section/businessman.jpg]
[onekit.madethemes.com/sections/content.html]
[onekit.madethemes.com/sections/counter.html]
[onekit.madethemes.com/src/img-min/bg/bg-event2.jpg]
[onekit.madethemes.com/sections/cta.html]
[onekit.madethemes.com/sections/download.html]
[onekit.madethemes.com/sections/faq.html]
[onekit.madethemes.com/sections/feature.html]
[onekit.madethemes.com/sections/footer.html]
[onekit.madethemes.com/sections/header/header-1.html]
[onekit.madethemes.com/src/img-min/demo/header1.jpg]
[onekit.madethemes.com/sections/header/header-2.html]
[onekit.madethemes.com/src/img-min/demo/header2.jpg]
[onekit.madethemes.com/sections/header/header-3.html]
[onekit.madethemes.com/src/img-min/demo/header3.jpg]
[onekit.madethemes.com/sections/header/header-4.html]
[onekit.madethemes.com/src/img-min/demo/header4.jpg]
[onekit.madethemes.com/sections/header/header-5.html]
[onekit.madethemes.com/src/img-min/demo/header5.jpg]
[onekit.madethemes.com/sections/header.html]
[onekit.madethemes.com/src/img/app/macbook-screen.jpg]
[onekit.madethemes.com/src/img-min/app/iphone-potrait.jpg]
[onekit.madethemes.com/sections/hero.html]
[onekit.madethemes.com/src/img-min/svg/new_message.svg]
[onekit.madethemes.com/src/img-min/bg/email-pattern.png]
[onekit.madethemes.com/sections/newsletter.html]
[onekit.madethemes.com/sections/portfolio.html]
[onekit.madethemes.com/sections/pricing.html]
[onekit.madethemes.com/sections/process.html]
[onekit.madethemes.com/sections/progress.html]
[onekit.madethemes.com/sections/review.html]
[onekit.madethemes.com/sections/service.html]
[onekit.madethemes.com/sections/slider.html]
[onekit.madethemes.com/sections/team.html]
[onekit.madethemes.com/sections/video.html]
[onekit.madethemes.com/sections/other.html]
[onekit.madethemes.com/docs/assets/css/docs.css]
[onekit.madethemes.com/docs/getting-started/support.html]
[onekit.madethemes.com/docs/getting-started/file-structures.html]
[onekit.madethemes.com/docs/getting-started/tools.html]
[onekit.madethemes.com/docs/getting-started/credits.html]
[onekit.madethemes.com/docs/getting-started/update.html]
[onekit.madethemes.com/docs/customization/css.html]
[onekit.madethemes.com/docs/customization/sass.html]
[onekit.madethemes.com/docs/customization/js.html]
[onekit.madethemes.com/docs/customization/typography.html]
[onekit.madethemes.com/docs/customization/colors.html]
[onekit.madethemes.com/docs/customization/rtl.html]
[onekit.madethemes.com/docs/layout/grid.html]
[onekit.madethemes.com/docs/layout/z-index.html]
[onekit.madethemes.com/docs/content/typography.html]
[onekit.madethemes.com/docs/forms/input-pill.html]
[onekit.madethemes.com/docs/components/accordion.html]
[onekit.madethemes.com/docs/components/animate.html]
[onekit.madethemes.com/docs/components/avatars.html]
[onekit.madethemes.com/docs/components/backtop.html]
[onekit.madethemes.com/docs/components/badge.html]
[onekit.madethemes.com/docs/components/bg-video.html]
[onekit.madethemes.com/docs/components/breadcrumb.html]
[onekit.madethemes.com/docs/components/buttons.html]
[onekit.madethemes.com/docs/components/cards.html]
[onekit.madethemes.com/docs/components/collapse.html]
[onekit.madethemes.com/docs/components/device.html]
[onekit.madethemes.com/docs/components/dropdown.html]
[onekit.madethemes.com/docs/components/list-group.html]
[onekit.madethemes.com/docs/components/mega-menu.html]
[onekit.madethemes.com/docs/components/mobile-menu.html]
[onekit.madethemes.com/docs/components/modal.html]
[onekit.madethemes.com/docs/components/navbar.html]
[onekit.madethemes.com/docs/components/pagination.html]
[onekit.madethemes.com/docs/components/particles.html]
[onekit.madethemes.com/docs/components/popovers.html]
[onekit.madethemes.com/docs/components/progress.html]
[onekit.madethemes.com/docs/components/ribbon.html]
[onekit.madethemes.com/docs/components/spinners.html]
[onekit.madethemes.com/docs/components/tabs.html]
[onekit.madethemes.com/docs/components/toasts.html]
[onekit.madethemes.com/docs/components/tooltips.html]
[onekit.madethemes.com/docs/plugins/aos.html]
[onekit.madethemes.com/docs/plugins/counter-up.html]
[onekit.madethemes.com/docs/plugins/flickity.html]
[onekit.madethemes.com/docs/plugins/hc-sticky.html]
[onekit.madethemes.com/docs/plugins/isotope.html]
[onekit.madethemes.com/docs/plugins/jarallax.html]
[onekit.madethemes.com/docs/plugins/vanilla-lazyload.html]
[onekit.madethemes.com/docs/plugins/lightgallery.html]
[onekit.madethemes.com/docs/plugins/smooth-scroll.html]
[onekit.madethemes.com/docs/plugins/typed.html]
[onekit.madethemes.com/docs/plugins/waves.html]
[onekit.madethemes.com/docs/plugins/waypoints.html]
[onekit.madethemes.com/docs/utilities/colors.html]
[onekit.madethemes.com/docs/utilities/opacity.html]
[onekit.madethemes.com/docs/utilities/overlay.html]
[onekit.madethemes.com/docs/utilities/rotate.html]
[onekit.madethemes.com/docs/utilities/shadows.html]
[onekit.madethemes.com/docs/utilities/spacing.html]
[onekit.madethemes.com/docs/svg-img/scribble.html]
[onekit.madethemes.com/docs/optimization/overview.html]
[onekit.madethemes.com/docs/optimization/web-vitals.html]
[onekit.madethemes.com/docs/optimization/loading.html]
[onekit.madethemes.com/docs/optimization/pwa.html]
[onekit.madethemes.com/docs/optimization/webp.html]
[onekit.madethemes.com/docs/optimization/w3c.html]
[onekit.madethemes.com/docs/index.html]
[onekit.madethemes.com/docs/components/alerts.html]
[onekit.madethemes.com/docs/getting-started/changelog.html]
[onekit.madethemes.com/src/plugins/ionicons/dist/svg/add-circle-outline.svg]
[onekit.madethemes.com/src/plugins/ionicons/dist/svg/add-outline.svg]
[onekit.madethemes.com/src/plugins/ionicons/dist/svg/airplane-outline.svg]
[onekit.madethemes.com/src/plugins/ionicons/dist/svg/alarm-outline.svg]
[onekit.madethemes.com/src/plugins/ionicons/dist/svg/albums-outline.svg]
[onekit.madethemes.com/src/plugins/ionicons/dist/svg/alert-circle-outline.svg]
[onekit.madethemes.com/src/plugins/ionicons/dist/svg/alert-outline.svg]
[onekit.madethemes.com/src/plugins/ionicons/dist/svg/american-football-outline.svg]
[onekit.madethemes.com/src/plugins/ionicons/dist/svg/analytics-outline.svg]
[onekit.madethemes.com/src/plugins/ionicons/dist/svg/aperture-outline.svg]
[onekit.madethemes.com/src/plugins/ionicons/dist/svg/apps-outline.svg]
[onekit.madethemes.com/src/plugins/ionicons/dist/svg/archive-outline.svg]
[onekit.madethemes.com/src/plugins/ionicons/dist/svg/arrow-back-circle-outline.svg]
[onekit.madethemes.com/src/plugins/ionicons/dist/svg/arrow-back-outline.svg]
[onekit.madethemes.com/src/plugins/ionicons/dist/svg/arrow-down-outline.svg]
[onekit.madethemes.com/src/plugins/ionicons/dist/svg/arrow-forward-circle-outline.svg]
[onekit.madethemes.com/src/plugins/ionicons/dist/svg/arrow-forward-outline.svg]
[onekit.madethemes.com/src/plugins/ionicons/dist/svg/arrow-redo-circle-outline.svg]
[onekit.madethemes.com/src/plugins/ionicons/dist/svg/arrow-redo-outline.svg]
[onekit.madethemes.com/src/plugins/ionicons/dist/svg/arrow-undo-circle-outline.svg]
[onekit.madethemes.com/src/plugins/ionicons/dist/svg/arrow-undo-outline.svg]
[onekit.madethemes.com/src/plugins/ionicons/dist/svg/arrow-up-circle-outline.svg]
[onekit.madethemes.com/src/plugins/ionicons/dist/svg/arrow-up-outline.svg]
[onekit.madethemes.com/src/plugins/ionicons/dist/svg/at-circle-outline.svg]
[onekit.madethemes.com/src/plugins/ionicons/dist/svg/at-outline.svg]
[onekit.madethemes.com/src/plugins/ionicons/dist/svg/attach-outline.svg]
[onekit.madethemes.com/src/plugins/ionicons/dist/svg/backspace-outline.svg]
[onekit.madethemes.com/src/plugins/ionicons/dist/svg/bandage-outline.svg]
[onekit.madethemes.com/src/plugins/ionicons/dist/svg/barbell-outline.svg]
[onekit.madethemes.com/src/plugins/ionicons/dist/svg/bar-chart-outline.svg]
[onekit.madethemes.com/src/plugins/ionicons/dist/svg/barcode-outline.svg]
[onekit.madethemes.com/src/plugins/ionicons/dist/svg/baseball-outline.svg]
[onekit.madethemes.com/src/plugins/ionicons/dist/svg/basketball-outline.svg]
[onekit.madethemes.com/src/plugins/ionicons/dist/svg/basket-outline.svg]
[onekit.madethemes.com/src/plugins/ionicons/dist/svg/battery-charging-outline.svg]
[onekit.madethemes.com/src/plugins/ionicons/dist/svg/battery-dead-outline.svg]
[onekit.madethemes.com/src/plugins/ionicons/dist/svg/battery-full-outline.svg]
[onekit.madethemes.com/src/plugins/ionicons/dist/svg/battery-half-outline.svg]
[onekit.madethemes.com/src/plugins/ionicons/dist/svg/beaker-outline.svg]
[onekit.madethemes.com/src/plugins/ionicons/dist/svg/bed-outline.svg]
[onekit.madethemes.com/src/plugins/ionicons/dist/svg/bicycle-outline.svg]
[onekit.madethemes.com/src/plugins/ionicons/dist/svg/bluetooth-outline.svg]
[onekit.madethemes.com/src/plugins/ionicons/dist/svg/boat-outline.svg]
[onekit.madethemes.com/src/plugins/ionicons/dist/svg/body-outline.svg]
[onekit.madethemes.com/src/plugins/ionicons/dist/svg/bonfire-outline.svg]
[onekit.madethemes.com/src/plugins/ionicons/dist/svg/bookmark-outline.svg]
[onekit.madethemes.com/src/plugins/ionicons/dist/svg/bookmarks-outline.svg]
[onekit.madethemes.com/src/plugins/ionicons/dist/svg/book-outline.svg]
[onekit.madethemes.com/src/plugins/ionicons/dist/svg/briefcase-outline.svg]
[onekit.madethemes.com/src/plugins/ionicons/dist/svg/browsers-outline.svg]
[onekit.madethemes.com/src/plugins/ionicons/dist/svg/brush-outline.svg]
[onekit.madethemes.com/src/plugins/ionicons/dist/svg/build-outline.svg]
[onekit.madethemes.com/src/plugins/ionicons/dist/svg/bug-outline.svg]
[onekit.madethemes.com/src/plugins/ionicons/dist/svg/bulb-outline.svg]
[onekit.madethemes.com/src/plugins/ionicons/dist/svg/business-outline.svg]
[onekit.madethemes.com/src/plugins/ionicons/dist/svg/bus-outline.svg]
[onekit.madethemes.com/src/plugins/ionicons/dist/svg/cafe-outline.svg]
[onekit.madethemes.com/src/plugins/ionicons/dist/svg/calculator-outline.svg]
[onekit.madethemes.com/src/plugins/ionicons/dist/svg/calendar-outline.svg]
[onekit.madethemes.com/src/plugins/ionicons/dist/svg/call-outline.svg]
[onekit.madethemes.com/src/plugins/ionicons/dist/svg/camera-reverse-outline.svg]
[onekit.madethemes.com/src/plugins/ionicons/dist/svg/camera-outline.svg]
[onekit.madethemes.com/src/plugins/ionicons/dist/svg/card-outline.svg]
[onekit.madethemes.com/src/plugins/ionicons/dist/svg/caret-back-circle-outline.svg]
[onekit.madethemes.com/src/plugins/ionicons/dist/svg/caret-back-outline.svg]
[onekit.madethemes.com/src/plugins/ionicons/dist/svg/caret-down-circle-outline.svg]
[onekit.madethemes.com/src/plugins/ionicons/dist/svg/caret-down-outline.svg]
[onekit.madethemes.com/src/plugins/ionicons/dist/svg/caret-forward-circle-outline.svg]
[onekit.madethemes.com/src/plugins/ionicons/dist/svg/caret-forward-outline.svg]
[onekit.madethemes.com/src/plugins/ionicons/dist/svg/caret-up-circle-outline.svg]
[onekit.madethemes.com/src/plugins/ionicons/dist/svg/caret-up-outline.svg]
[onekit.madethemes.com/src/plugins/ionicons/dist/svg/car-outline.svg]
[onekit.madethemes.com/src/plugins/ionicons/dist/svg/car-sport-outline.svg]
[onekit.madethemes.com/src/plugins/ionicons/dist/svg/cart-outline.svg]
[onekit.madethemes.com/src/plugins/ionicons/dist/svg/cash-outline.svg]
[onekit.madethemes.com/src/plugins/ionicons/dist/svg/cellular-outline.svg]
[onekit.madethemes.com/src/plugins/ionicons/dist/svg/chatbox-ellipses-outline.svg]
[onekit.madethemes.com/src/plugins/ionicons/dist/svg/chatbox-outline.svg]
[onekit.madethemes.com/src/plugins/ionicons/dist/svg/chatbubble-ellipses-outline.svg]
[onekit.madethemes.com/src/plugins/ionicons/dist/svg/chatbubble-outline.svg]
[onekit.madethemes.com/src/plugins/ionicons/dist/svg/chatbubbles-outline.svg]
[onekit.madethemes.com/src/plugins/ionicons/dist/svg/checkbox-outline.svg]
[onekit.madethemes.com/src/plugins/ionicons/dist/svg/checkmark-circle-outline.svg]
[onekit.madethemes.com/src/plugins/ionicons/dist/svg/checkmark-done-circle-outline.svg]
[onekit.madethemes.com/src/plugins/ionicons/dist/svg/checkmark-done-outline.svg]
[onekit.madethemes.com/src/plugins/ionicons/dist/svg/clipboard-outline.svg]
[onekit.madethemes.com/src/plugins/ionicons/dist/svg/chevron-back-circle-outline.svg]
[onekit.madethemes.com/src/plugins/ionicons/dist/svg/chevron-back-outline.svg]
[onekit.madethemes.com/src/plugins/ionicons/dist/svg/chevron-down-circle-outline.svg]
[onekit.madethemes.com/src/plugins/ionicons/dist/svg/chevron-down-outline.svg]
[onekit.madethemes.com/src/plugins/ionicons/dist/svg/chevron-forward-circle-outline.svg]
[onekit.madethemes.com/src/plugins/ionicons/dist/svg/chevron-forward-outline.svg]
[onekit.madethemes.com/src/plugins/ionicons/dist/svg/chevron-up-circle-outline.svg]
[onekit.madethemes.com/src/plugins/ionicons/dist/svg/chevron-up-outline.svg]
[onekit.madethemes.com/src/plugins/ionicons/dist/svg/close-circle-outline.svg]
[onekit.madethemes.com/src/plugins/ionicons/dist/svg/close-outline.svg]
[onekit.madethemes.com/src/plugins/ionicons/dist/svg/cloud-circle-outline.svg]
[onekit.madethemes.com/src/plugins/ionicons/dist/svg/cloud-done-outline.svg]
[onekit.madethemes.com/src/plugins/ionicons/dist/svg/cloud-download-outline.svg]
[onekit.madethemes.com/src/plugins/ionicons/dist/svg/cloud-offline-outline.svg]
[onekit.madethemes.com/src/plugins/ionicons/dist/svg/cloud-outline.svg]
[onekit.madethemes.com/src/plugins/ionicons/dist/svg/cloud-upload-outline.svg]
[onekit.madethemes.com/src/plugins/ionicons/dist/svg/cloudy-night-outline.svg]
[onekit.madethemes.com/src/plugins/ionicons/dist/svg/cloudy-outline.svg]
[onekit.madethemes.com/src/plugins/ionicons/dist/svg/code-download-outline.svg]
[onekit.madethemes.com/src/plugins/ionicons/dist/svg/code-outline.svg]
[onekit.madethemes.com/src/plugins/ionicons/dist/svg/code-working-outline.svg]
[onekit.madethemes.com/src/plugins/ionicons/dist/svg/cog-outline.svg]
[onekit.madethemes.com/src/plugins/ionicons/dist/svg/color-fill-outline.svg]
[onekit.madethemes.com/src/plugins/ionicons/dist/svg/color-filter-outline.svg]
[onekit.madethemes.com/src/plugins/ionicons/dist/svg/color-palette-outline.svg]
[onekit.madethemes.com/src/plugins/ionicons/dist/svg/color-wand-outline.svg]
[onekit.madethemes.com/src/plugins/ionicons/dist/svg/compass-outline.svg]
[onekit.madethemes.com/src/plugins/ionicons/dist/svg/construct-outline.svg]
[onekit.madethemes.com/src/plugins/ionicons/dist/svg/contract-outline.svg]
[onekit.madethemes.com/src/plugins/ionicons/dist/svg/contrast-outline.svg]
[onekit.madethemes.com/src/plugins/ionicons/dist/svg/copy-outline.svg]
[onekit.madethemes.com/src/plugins/ionicons/dist/svg/create-outline.svg]
[onekit.madethemes.com/src/plugins/ionicons/dist/svg/crop-outline.svg]
[onekit.madethemes.com/src/plugins/ionicons/dist/svg/cube-outline.svg]
[onekit.madethemes.com/src/plugins/ionicons/dist/svg/cut-outline.svg]
[onekit.madethemes.com/src/plugins/ionicons/dist/svg/desktop-outline.svg]
[onekit.madethemes.com/src/plugins/ionicons/dist/svg/disc-outline.svg]
[onekit.madethemes.com/src/plugins/ionicons/dist/svg/document-attach-outline.svg]
[onekit.madethemes.com/src/plugins/ionicons/dist/svg/document-outline.svg]
[onekit.madethemes.com/src/plugins/ionicons/dist/svg/documents-outline.svg]
[onekit.madethemes.com/src/plugins/ionicons/dist/svg/document-text-outline.svg]
[onekit.madethemes.com/src/plugins/ionicons/dist/svg/download-outline.svg]
[onekit.madethemes.com/src/plugins/ionicons/dist/svg/duplicate-outline.svg]
[onekit.madethemes.com/src/plugins/ionicons/dist/svg/ear-outline.svg]
[onekit.madethemes.com/src/plugins/ionicons/dist/svg/earth-outline.svg]
[onekit.madethemes.com/src/plugins/ionicons/dist/svg/easel-outline.svg]
[onekit.madethemes.com/src/plugins/ionicons/dist/svg/egg-outline.svg]
[onekit.madethemes.com/src/plugins/ionicons/dist/svg/ellipse-outline.svg]
[onekit.madethemes.com/src/plugins/ionicons/dist/svg/ellipsis-horizontal-circle-outline.svg]
[onekit.madethemes.com/src/plugins/ionicons/dist/svg/ellipsis-horizontal-outline.svg]
[onekit.madethemes.com/src/plugins/ionicons/dist/svg/ellipsis-vertical-circle-outline.svg]
[onekit.madethemes.com/src/plugins/ionicons/dist/svg/ellipsis-vertical-outline.svg]
[onekit.madethemes.com/src/plugins/ionicons/dist/svg/enter-outline.svg]
[onekit.madethemes.com/src/plugins/ionicons/dist/svg/exit-outline.svg]
[onekit.madethemes.com/src/plugins/ionicons/dist/svg/expand-outline.svg]
[onekit.madethemes.com/src/plugins/ionicons/dist/svg/eyedrop-outline.svg]
[onekit.madethemes.com/src/plugins/ionicons/dist/svg/eye-off-outline.svg]
[onekit.madethemes.com/src/plugins/ionicons/dist/svg/eye-outline.svg]
[onekit.madethemes.com/src/plugins/ionicons/dist/svg/fast-food-outline.svg]
[onekit.madethemes.com/src/plugins/ionicons/dist/svg/female-outline.svg]
[onekit.madethemes.com/src/plugins/ionicons/dist/svg/file-tray-full-outline.svg]
[onekit.madethemes.com/src/plugins/ionicons/dist/svg/file-tray-outline.svg]
[onekit.madethemes.com/src/plugins/ionicons/dist/svg/file-tray-stacked-outline.svg]
[onekit.madethemes.com/src/plugins/ionicons/dist/svg/film-outline.svg]
[onekit.madethemes.com/src/plugins/ionicons/dist/svg/filter-outline.svg]
[onekit.madethemes.com/src/plugins/ionicons/dist/svg/finger-print-outline.svg]
[onekit.madethemes.com/src/plugins/ionicons/dist/svg/fitness-outline.svg]
[onekit.madethemes.com/src/plugins/ionicons/dist/svg/flag-outline.svg]
[onekit.madethemes.com/src/plugins/ionicons/dist/svg/flame-outline.svg]
[onekit.madethemes.com/src/plugins/ionicons/dist/svg/flashlight-outline.svg]
[onekit.madethemes.com/src/plugins/ionicons/dist/svg/flash-off-outline.svg]
[onekit.madethemes.com/src/plugins/ionicons/dist/svg/flash-outline.svg]
[onekit.madethemes.com/src/plugins/ionicons/dist/svg/flask-outline.svg]
[onekit.madethemes.com/src/plugins/ionicons/dist/svg/flower-outline.svg]
[onekit.madethemes.com/src/plugins/ionicons/dist/svg/folder-open-outline.svg]
[onekit.madethemes.com/src/plugins/ionicons/dist/svg/folder-outline.svg]
[onekit.madethemes.com/src/plugins/ionicons/dist/svg/football-outline.svg]
[onekit.madethemes.com/src/plugins/ionicons/dist/svg/funnel-outline.svg]
[onekit.madethemes.com/src/plugins/ionicons/dist/svg/game-controller-outline.svg]
[onekit.madethemes.com/src/plugins/ionicons/dist/svg/gift-outline.svg]
[onekit.madethemes.com/src/plugins/ionicons/dist/svg/git-branch-outline.svg]
[onekit.madethemes.com/src/plugins/ionicons/dist/svg/git-commit-outline.svg]
[onekit.madethemes.com/src/plugins/ionicons/dist/svg/git-compare-outline.svg]
[onekit.madethemes.com/src/plugins/ionicons/dist/svg/git-merge-outline.svg]
[onekit.madethemes.com/src/plugins/ionicons/dist/svg/git-network-outline.svg]
[onekit.madethemes.com/src/plugins/ionicons/dist/svg/git-pull-request-outline.svg]
[onekit.madethemes.com/src/plugins/ionicons/dist/svg/glasses-outline.svg]
[onekit.madethemes.com/src/plugins/ionicons/dist/svg/globe-outline.svg]
[onekit.madethemes.com/src/plugins/ionicons/dist/svg/golf-outline.svg]
[onekit.madethemes.com/src/plugins/ionicons/dist/svg/grid-outline.svg]
[onekit.madethemes.com/src/plugins/ionicons/dist/svg/hammer-outline.svg]
[onekit.madethemes.com/src/plugins/ionicons/dist/svg/hand-left-outline.svg]
[onekit.madethemes.com/src/plugins/ionicons/dist/svg/hand-right-outline.svg]
[onekit.madethemes.com/src/plugins/ionicons/dist/svg/happy-outline.svg]
[onekit.madethemes.com/src/plugins/ionicons/dist/svg/hardware-chip-outline.svg]
[onekit.madethemes.com/src/plugins/ionicons/dist/svg/headset-outline.svg]
[onekit.madethemes.com/src/plugins/ionicons/dist/svg/heart-circle-outline.svg]
[onekit.madethemes.com/src/plugins/ionicons/dist/svg/heart-dislike-circle-outline.svg]
[onekit.madethemes.com/src/plugins/ionicons/dist/svg/heart-half-outline.svg]
[onekit.madethemes.com/src/plugins/ionicons/dist/svg/heart-outline.svg]
[onekit.madethemes.com/src/plugins/ionicons/dist/svg/help-buoy-outline.svg]
[onekit.madethemes.com/src/plugins/ionicons/dist/svg/help-circle-outline.svg]
[onekit.madethemes.com/src/plugins/ionicons/dist/svg/help-outline.svg]
[onekit.madethemes.com/src/plugins/ionicons/dist/svg/home-outline.svg]
[onekit.madethemes.com/src/plugins/ionicons/dist/svg/hourglass-outline.svg]
[onekit.madethemes.com/src/plugins/ionicons/dist/svg/ice-cream-outline.svg]
[onekit.madethemes.com/src/plugins/ionicons/dist/svg/image-outline.svg]
[onekit.madethemes.com/src/plugins/ionicons/dist/svg/images-outline.svg]
[onekit.madethemes.com/src/plugins/ionicons/dist/svg/infinite-outline.svg]
[onekit.madethemes.com/src/plugins/ionicons/dist/svg/information-circle-outline.svg]
[onekit.madethemes.com/src/plugins/ionicons/dist/svg/information-outline.svg]
[onekit.madethemes.com/src/plugins/ionicons/dist/svg/journal-outline.svg]
[onekit.madethemes.com/src/plugins/ionicons/dist/svg/key-outline.svg]
[onekit.madethemes.com/src/plugins/ionicons/dist/svg/keypad-outline.svg]
[onekit.madethemes.com/src/plugins/ionicons/dist/svg/language-outline.svg]
[onekit.madethemes.com/src/plugins/ionicons/dist/svg/laptop-outline.svg]
[onekit.madethemes.com/src/plugins/ionicons/dist/svg/layers-outline.svg]
[onekit.madethemes.com/src/plugins/ionicons/dist/svg/leaf-outline.svg]
[onekit.madethemes.com/src/plugins/ionicons/dist/svg/library-outline.svg]
[onekit.madethemes.com/src/plugins/ionicons/dist/svg/link-outline.svg]
[onekit.madethemes.com/src/plugins/ionicons/dist/svg/list-circle-outline.svg]
[onekit.madethemes.com/src/plugins/ionicons/dist/svg/list-outline.svg]
[onekit.madethemes.com/src/plugins/ionicons/dist/svg/log-out-outline.svg]
[onekit.madethemes.com/src/plugins/ionicons/dist/svg/locate-outline.svg]
[onekit.madethemes.com/src/plugins/ionicons/dist/svg/location-outline.svg]
[onekit.madethemes.com/src/plugins/ionicons/dist/svg/lock-closed-outline.svg]
[onekit.madethemes.com/src/plugins/ionicons/dist/svg/lock-open-outline.svg]
[onekit.madethemes.com/src/plugins/ionicons/dist/svg/log-in-outline.svg]
[onekit.madethemes.com/src/plugins/ionicons/dist/svg/magnet-outline.svg]
[onekit.madethemes.com/src/plugins/ionicons/dist/svg/mail-open-outline.svg]
[onekit.madethemes.com/src/plugins/ionicons/dist/svg/mail-outline.svg]
[onekit.madethemes.com/src/plugins/ionicons/dist/svg/mail-unread-outline.svg]
[onekit.madethemes.com/src/plugins/ionicons/dist/svg/male-female-outline.svg]
[onekit.madethemes.com/src/plugins/ionicons/dist/svg/male-outline.svg]
[onekit.madethemes.com/src/plugins/ionicons/dist/svg/man-outline.svg]
[onekit.madethemes.com/src/plugins/ionicons/dist/svg/map-outline.svg]
[onekit.madethemes.com/src/plugins/ionicons/dist/svg/medal-outline.svg]
[onekit.madethemes.com/src/plugins/ionicons/dist/svg/medical-outline.svg]
[onekit.madethemes.com/src/plugins/ionicons/dist/svg/medkit-outline.svg]
[onekit.madethemes.com/src/plugins/ionicons/dist/svg/megaphone-outline.svg]
[onekit.madethemes.com/src/plugins/ionicons/dist/svg/menu-outline.svg]
[onekit.madethemes.com/src/plugins/ionicons/dist/svg/mic-circle-outline.svg]
[onekit.madethemes.com/src/plugins/ionicons/dist/svg/mic-off-circle-outline.svg]
[onekit.madethemes.com/src/plugins/ionicons/dist/svg/mic-off-outline.svg]
[onekit.madethemes.com/src/plugins/ionicons/dist/svg/mic-outline.svg]
[onekit.madethemes.com/src/plugins/ionicons/dist/svg/moon-outline.svg]
[onekit.madethemes.com/src/plugins/ionicons/dist/svg/move-outline.svg]
[onekit.madethemes.com/src/plugins/ionicons/dist/svg/musical-note-outline.svg]
[onekit.madethemes.com/src/plugins/ionicons/dist/svg/musical-notes-outline.svg]
[onekit.madethemes.com/src/plugins/ionicons/dist/svg/navigate-circle-outline.svg]
[onekit.madethemes.com/src/plugins/ionicons/dist/svg/navigate-outline.svg]
[onekit.madethemes.com/src/plugins/ionicons/dist/svg/notifications-circle-outline.svg]
[onekit.madethemes.com/src/plugins/ionicons/dist/svg/notifications-off-circle-outline.svg]
[onekit.madethemes.com/src/plugins/ionicons/dist/svg/notifications-off-outline.svg]
[onekit.madethemes.com/src/plugins/ionicons/dist/svg/notifications-outline.svg]
[onekit.madethemes.com/src/plugins/ionicons/dist/svg/nuclear-outline.svg]
[onekit.madethemes.com/src/plugins/ionicons/dist/svg/nutrition-outline.svg]
[onekit.madethemes.com/src/plugins/ionicons/dist/svg/open-outline.svg]
[onekit.madethemes.com/src/plugins/ionicons/dist/svg/options-outline.svg]
[onekit.madethemes.com/src/plugins/ionicons/dist/svg/paper-plane-outline.svg]
[onekit.madethemes.com/src/plugins/ionicons/dist/svg/partly-sunny-outline.svg]
[onekit.madethemes.com/src/plugins/ionicons/dist/svg/pause-circle-outline.svg]
[onekit.madethemes.com/src/plugins/ionicons/dist/svg/pause-outline.svg]
[onekit.madethemes.com/src/plugins/ionicons/dist/svg/pencil-outline.svg]
[onekit.madethemes.com/src/plugins/ionicons/dist/svg/people-circle-outline.svg]
[onekit.madethemes.com/src/plugins/ionicons/dist/svg/people-outline.svg]
[onekit.madethemes.com/src/plugins/ionicons/dist/svg/person-add-outline.svg]
[onekit.madethemes.com/src/plugins/ionicons/dist/svg/person-circle-outline.svg]
[onekit.madethemes.com/src/plugins/ionicons/dist/svg/person-outline.svg]
[onekit.madethemes.com/src/plugins/ionicons/dist/svg/person-remove-outline.svg]
[onekit.madethemes.com/src/plugins/ionicons/dist/svg/phone-landscape-outline.svg]
[onekit.madethemes.com/src/plugins/ionicons/dist/svg/phone-portrait-outline.svg]
[onekit.madethemes.com/src/plugins/ionicons/dist/svg/pie-chart-outline.svg]
[onekit.madethemes.com/src/plugins/ionicons/dist/svg/pin-outline.svg]
[onekit.madethemes.com/src/plugins/ionicons/dist/svg/pint-outline.svg]
[onekit.madethemes.com/src/plugins/ionicons/dist/svg/pizza-outline.svg]
[onekit.madethemes.com/src/plugins/ionicons/dist/svg/planet-outline.svg]
[onekit.madethemes.com/src/plugins/ionicons/dist/svg/play-back-circle-outline.svg]
[onekit.madethemes.com/src/plugins/ionicons/dist/svg/play-back-outline.svg]
[onekit.madethemes.com/src/plugins/ionicons/dist/svg/play-forward-outline.svg]
[onekit.madethemes.com/src/plugins/ionicons/dist/svg/play-forward-circle-outline.svg]
[onekit.madethemes.com/src/plugins/ionicons/dist/svg/play-outline.svg]
[onekit.madethemes.com/src/plugins/ionicons/dist/svg/play-skip-back-circle-outline.svg]
[onekit.madethemes.com/src/plugins/ionicons/dist/svg/play-skip-back-outline.svg]
[onekit.madethemes.com/src/plugins/ionicons/dist/svg/play-skip-forward-circle-outline.svg]
[onekit.madethemes.com/src/plugins/ionicons/dist/svg/play-skip-forward-outline.svg]
[onekit.madethemes.com/src/plugins/ionicons/dist/svg/podium-outline.svg]
[onekit.madethemes.com/src/plugins/ionicons/dist/svg/power-outline.svg]
[onekit.madethemes.com/src/plugins/ionicons/dist/svg/pricetag-outline.svg]
[onekit.madethemes.com/src/plugins/ionicons/dist/svg/pricetags-outline.svg]
[onekit.madethemes.com/src/plugins/ionicons/dist/svg/print-outline.svg]
[onekit.madethemes.com/src/plugins/ionicons/dist/svg/pulse-outline.svg]
[onekit.madethemes.com/src/plugins/ionicons/dist/svg/push-outline.svg]
[onekit.madethemes.com/src/plugins/ionicons/dist/svg/qr-code-outline.svg]
[onekit.madethemes.com/src/plugins/ionicons/dist/svg/radio-button-off-outline.svg]
[onekit.madethemes.com/src/plugins/ionicons/dist/svg/radio-button-on-outline.svg]
[onekit.madethemes.com/src/plugins/ionicons/dist/svg/radio-outline.svg]
[onekit.madethemes.com/src/plugins/ionicons/dist/svg/rainy-outline.svg]
[onekit.madethemes.com/src/plugins/ionicons/dist/svg/reader-outline.svg]
[onekit.madethemes.com/src/plugins/ionicons/dist/svg/receipt-outline.svg]
[onekit.madethemes.com/src/plugins/ionicons/dist/svg/recording-outline.svg]
[onekit.madethemes.com/src/plugins/ionicons/dist/svg/refresh-circle-outline.svg]
[onekit.madethemes.com/src/plugins/ionicons/dist/svg/refresh-outline.svg]
[onekit.madethemes.com/src/plugins/ionicons/dist/svg/reload-circle-outline.svg]
[onekit.madethemes.com/src/plugins/ionicons/dist/svg/reload-outline.svg]
[onekit.madethemes.com/src/plugins/ionicons/dist/svg/remove-circle-outline.svg]
[onekit.madethemes.com/src/plugins/ionicons/dist/svg/remove-outline.svg]
[onekit.madethemes.com/src/plugins/ionicons/dist/svg/reorder-three-outline.svg]
[onekit.madethemes.com/src/plugins/ionicons/dist/svg/reorder-two-outline.svg]
[onekit.madethemes.com/src/plugins/ionicons/dist/svg/repeat-outline.svg]
[onekit.madethemes.com/src/plugins/ionicons/dist/svg/resize-outline.svg]
[onekit.madethemes.com/src/plugins/ionicons/dist/svg/restaurant-outline.svg]
[onekit.madethemes.com/src/plugins/ionicons/dist/svg/return-down-back-outline.svg]
[onekit.madethemes.com/src/plugins/ionicons/dist/svg/return-down-forward-outline.svg]
[onekit.madethemes.com/src/plugins/ionicons/dist/svg/return-up-back-outline.svg]
[onekit.madethemes.com/src/plugins/ionicons/dist/svg/return-up-forward-outline.svg]
[onekit.madethemes.com/src/plugins/ionicons/dist/svg/ribbon-outline.svg]
[onekit.madethemes.com/src/plugins/ionicons/dist/svg/rocket-outline.svg]
[onekit.madethemes.com/src/plugins/ionicons/dist/svg/rose-outline.svg]
[onekit.madethemes.com/src/plugins/ionicons/dist/svg/sad-outline.svg]
[onekit.madethemes.com/src/plugins/ionicons/dist/svg/scan-circle-outline.svg]
[onekit.madethemes.com/src/plugins/ionicons/dist/svg/scan-outline.svg]
[onekit.madethemes.com/src/plugins/ionicons/dist/svg/school-outline.svg]
[onekit.madethemes.com/src/plugins/ionicons/dist/svg/search-circle-outline.svg]
[onekit.madethemes.com/src/plugins/ionicons/dist/svg/search-outline.svg]
[onekit.madethemes.com/src/plugins/ionicons/dist/svg/send-outline.svg]
[onekit.madethemes.com/src/plugins/ionicons/dist/svg/server-outline.svg]
[onekit.madethemes.com/src/plugins/ionicons/dist/svg/settings-outline.svg]
[onekit.madethemes.com/src/plugins/ionicons/dist/svg/shapes-outline.svg]
[onekit.madethemes.com/src/plugins/ionicons/dist/svg/share-outline.svg]
[onekit.madethemes.com/src/plugins/ionicons/dist/svg/share-social-outline.svg]
[onekit.madethemes.com/src/plugins/ionicons/dist/svg/shield-checkmark-outline.svg]
[onekit.madethemes.com/src/plugins/ionicons/dist/svg/shield-outline.svg]
[onekit.madethemes.com/src/plugins/ionicons/dist/svg/shirt-outline.svg]
[onekit.madethemes.com/src/plugins/ionicons/dist/svg/shuffle-outline.svg]
[onekit.madethemes.com/src/plugins/ionicons/dist/svg/skull-outline.svg]
[onekit.madethemes.com/src/plugins/ionicons/dist/svg/snow-outline.svg]
[onekit.madethemes.com/src/plugins/ionicons/dist/svg/speedometer-outline.svg]
[onekit.madethemes.com/src/plugins/ionicons/dist/svg/square-outline.svg]
[onekit.madethemes.com/src/plugins/ionicons/dist/svg/star.svg]
[onekit.madethemes.com/src/plugins/ionicons/dist/svg/star-half-outline.svg]
[onekit.madethemes.com/src/plugins/ionicons/dist/svg/star-outline.svg]
[onekit.madethemes.com/src/plugins/ionicons/dist/svg/stop-circle-outline.svg]
[onekit.madethemes.com/src/plugins/ionicons/dist/svg/stop-outline.svg]
[onekit.madethemes.com/src/plugins/ionicons/dist/svg/stopwatch-outline.svg]
[onekit.madethemes.com/src/plugins/ionicons/dist/svg/subway-outline.svg]
[onekit.madethemes.com/src/plugins/ionicons/dist/svg/sunny-outline.svg]
[onekit.madethemes.com/src/plugins/ionicons/dist/svg/swap-horizontal-outline.svg]
[onekit.madethemes.com/src/plugins/ionicons/dist/svg/swap-vertical-outline.svg]
[onekit.madethemes.com/src/plugins/ionicons/dist/svg/sync-circle-outline.svg]
[onekit.madethemes.com/src/plugins/ionicons/dist/svg/sync-outline.svg]
[onekit.madethemes.com/src/plugins/ionicons/dist/svg/tablet-landscape-outline.svg]
[onekit.madethemes.com/src/plugins/ionicons/dist/svg/tablet-portrait-outline.svg]
[onekit.madethemes.com/src/plugins/ionicons/dist/svg/tennisball-outline.svg]
[onekit.madethemes.com/src/plugins/ionicons/dist/svg/terminal-outline.svg]
[onekit.madethemes.com/src/plugins/ionicons/dist/svg/text-outline.svg]
[onekit.madethemes.com/src/plugins/ionicons/dist/svg/thermometer-outline.svg]
[onekit.madethemes.com/src/plugins/ionicons/dist/svg/thumbs-down-outline.svg]
[onekit.madethemes.com/src/plugins/ionicons/dist/svg/thumbs-up-outline.svg]
[onekit.madethemes.com/src/plugins/ionicons/dist/svg/thunderstorm-outline.svg]
[onekit.madethemes.com/src/plugins/ionicons/dist/svg/time-outline.svg]
[onekit.madethemes.com/src/plugins/ionicons/dist/svg/timer-outline.svg]
[onekit.madethemes.com/src/plugins/ionicons/dist/svg/today-outline.svg]
[onekit.madethemes.com/src/plugins/ionicons/dist/svg/toggle-outline.svg]
[onekit.madethemes.com/src/plugins/ionicons/dist/svg/trail-sign-outline.svg]
[onekit.madethemes.com/src/plugins/ionicons/dist/svg/train-outline.svg]
[onekit.madethemes.com/src/plugins/ionicons/dist/svg/trash-bin-outline.svg]
[onekit.madethemes.com/src/plugins/ionicons/dist/svg/trash-outline.svg]
[onekit.madethemes.com/src/plugins/ionicons/dist/svg/trending-down-outline.svg]
[onekit.madethemes.com/src/plugins/ionicons/dist/svg/trending-up-outline.svg]
[onekit.madethemes.com/src/plugins/ionicons/dist/svg/triangle-outline.svg]
[onekit.madethemes.com/src/plugins/ionicons/dist/svg/trophy-outline.svg]
[onekit.madethemes.com/src/plugins/ionicons/dist/svg/tv-outline.svg]
[onekit.madethemes.com/src/plugins/ionicons/dist/svg/umbrella-outline.svg]
[onekit.madethemes.com/src/plugins/ionicons/dist/svg/videocam-outline.svg]
[onekit.madethemes.com/src/plugins/ionicons/dist/svg/volume-high-outline.svg]
[onekit.madethemes.com/src/plugins/ionicons/dist/svg/volume-low-outline.svg]
[onekit.madethemes.com/src/plugins/ionicons/dist/svg/volume-medium-outline.svg]
[onekit.madethemes.com/src/plugins/ionicons/dist/svg/volume-off-outline.svg]
[onekit.madethemes.com/src/plugins/ionicons/dist/svg/volume-mute-outline.svg]
[onekit.madethemes.com/src/plugins/ionicons/dist/svg/walk-outline.svg]
[onekit.madethemes.com/src/plugins/ionicons/dist/svg/wallet-outline.svg]
[onekit.madethemes.com/src/plugins/ionicons/dist/svg/warning-outline.svg]
[onekit.madethemes.com/src/plugins/ionicons/dist/svg/watch-outline.svg]
[onekit.madethemes.com/src/plugins/ionicons/dist/svg/water-outline.svg]
[onekit.madethemes.com/src/plugins/ionicons/dist/svg/wifi-outline.svg]
[onekit.madethemes.com/src/plugins/ionicons/dist/svg/woman-outline.svg]
[onekit.madethemes.com/src/plugins/ionicons/dist/svg/logo-amazon.svg]
[onekit.madethemes.com/src/plugins/ionicons/dist/svg/logo-amplify.svg]
[onekit.madethemes.com/src/plugins/ionicons/dist/svg/logo-android.svg]
[onekit.madethemes.com/src/plugins/ionicons/dist/svg/logo-angular.svg]
[onekit.madethemes.com/src/plugins/ionicons/dist/svg/logo-apple.svg]
[onekit.madethemes.com/src/plugins/ionicons/dist/svg/logo-apple-appstore.svg]
[onekit.madethemes.com/src/plugins/ionicons/dist/svg/logo-bitbucket.svg]
[onekit.madethemes.com/src/plugins/ionicons/dist/svg/logo-bitcoin.svg]
[onekit.madethemes.com/src/plugins/ionicons/dist/svg/logo-buffer.svg]
[onekit.madethemes.com/src/plugins/ionicons/dist/svg/logo-capacitor.svg]
[onekit.madethemes.com/src/plugins/ionicons/dist/svg/logo-chrome.svg]
[onekit.madethemes.com/src/plugins/ionicons/dist/svg/logo-closed-captioning.svg]
[onekit.madethemes.com/src/plugins/ionicons/dist/svg/logo-codepen.svg]
[onekit.madethemes.com/src/plugins/ionicons/dist/svg/logo-designernews.svg]
[onekit.madethemes.com/src/plugins/ionicons/dist/svg/logo-dribbble.svg]
[onekit.madethemes.com/src/plugins/ionicons/dist/svg/logo-dropbox.svg]
[onekit.madethemes.com/src/plugins/ionicons/dist/svg/logo-edge.svg]
[onekit.madethemes.com/src/plugins/ionicons/dist/svg/logo-electron.svg]
[onekit.madethemes.com/src/plugins/ionicons/dist/svg/logo-euro.svg]
[onekit.madethemes.com/src/plugins/ionicons/dist/svg/logo-facebook.svg]
[onekit.madethemes.com/src/plugins/ionicons/dist/svg/logo-firebase.svg]
[onekit.madethemes.com/src/plugins/ionicons/dist/svg/logo-firefox.svg]
[onekit.madethemes.com/src/plugins/ionicons/dist/svg/logo-flickr.svg]
[onekit.madethemes.com/src/plugins/ionicons/dist/svg/logo-foursquare.svg]
[onekit.madethemes.com/src/plugins/ionicons/dist/svg/logo-github.svg]
[onekit.madethemes.com/src/plugins/ionicons/dist/svg/logo-google.svg]
[onekit.madethemes.com/src/plugins/ionicons/dist/svg/logo-google-playstore.svg]
[onekit.madethemes.com/src/plugins/ionicons/dist/svg/logo-hackernews.svg]
[onekit.madethemes.com/src/plugins/ionicons/dist/svg/logo-html5.svg]
[onekit.madethemes.com/src/plugins/ionicons/dist/svg/logo-instagram.svg]
[onekit.madethemes.com/src/plugins/ionicons/dist/svg/logo-ionic.svg]
[onekit.madethemes.com/src/plugins/ionicons/dist/svg/logo-ionitron.svg]
[onekit.madethemes.com/src/plugins/ionicons/dist/svg/logo-javascript.svg]
[onekit.madethemes.com/src/plugins/ionicons/dist/svg/logo-laravel.svg]
[onekit.madethemes.com/src/plugins/ionicons/dist/svg/logo-linkedin.svg]
[onekit.madethemes.com/src/plugins/ionicons/dist/svg/logo-markdown.svg]
[onekit.madethemes.com/src/plugins/ionicons/dist/svg/logo-nodejs.svg]
[onekit.madethemes.com/src/plugins/ionicons/dist/svg/logo-no-smoking.svg]
[onekit.madethemes.com/src/plugins/ionicons/dist/svg/logo-npm.svg]
[onekit.madethemes.com/src/plugins/ionicons/dist/svg/logo-octocat.svg]
[onekit.madethemes.com/src/plugins/ionicons/dist/svg/logo-pinterest.svg]
[onekit.madethemes.com/src/plugins/ionicons/dist/svg/logo-playstation.svg]
[onekit.madethemes.com/src/plugins/ionicons/dist/svg/logo-pwa.svg]
[onekit.madethemes.com/src/plugins/ionicons/dist/svg/logo-python.svg]
[onekit.madethemes.com/src/plugins/ionicons/dist/svg/logo-react.svg]
[onekit.madethemes.com/src/plugins/ionicons/dist/svg/logo-reddit.svg]
[onekit.madethemes.com/src/plugins/ionicons/dist/svg/logo-rss.svg]
[onekit.madethemes.com/src/plugins/ionicons/dist/svg/logo-sass.svg]
[onekit.madethemes.com/src/plugins/ionicons/dist/svg/logo-skype.svg]
[onekit.madethemes.com/src/plugins/ionicons/dist/svg/logo-slack.svg]
[onekit.madethemes.com/src/plugins/ionicons/dist/svg/logo-snapchat.svg]
[onekit.madethemes.com/src/plugins/ionicons/dist/svg/logo-stackoverflow.svg]
[onekit.madethemes.com/src/plugins/ionicons/dist/svg/logo-steam.svg]
[onekit.madethemes.com/src/plugins/ionicons/dist/svg/logo-stencil.svg]
[onekit.madethemes.com/src/plugins/ionicons/dist/svg/logo-tumblr.svg]
[onekit.madethemes.com/src/plugins/ionicons/dist/svg/logo-tux.svg]
[onekit.madethemes.com/src/plugins/ionicons/dist/svg/logo-twitch.svg]
[onekit.madethemes.com/src/plugins/ionicons/dist/svg/logo-twitter.svg]
[onekit.madethemes.com/src/plugins/ionicons/dist/svg/logo-usd.svg]
[onekit.madethemes.com/src/plugins/ionicons/dist/svg/logo-vimeo.svg]
[onekit.madethemes.com/src/plugins/ionicons/dist/svg/logo-vk.svg]
[onekit.madethemes.com/src/plugins/ionicons/dist/svg/logo-vue.svg]
[onekit.madethemes.com/src/plugins/ionicons/dist/svg/logo-whatsapp.svg]
[onekit.madethemes.com/src/plugins/ionicons/dist/svg/logo-windows.svg]
[onekit.madethemes.com/src/plugins/ionicons/dist/svg/logo-wordpress.svg]
[onekit.madethemes.com/src/plugins/ionicons/dist/svg/logo-xbox.svg]
[onekit.madethemes.com/src/plugins/ionicons/dist/svg/logo-xing.svg]
[onekit.madethemes.com/src/plugins/ionicons/dist/svg/logo-yahoo.svg]
[onekit.madethemes.com/src/plugins/ionicons/dist/svg/logo-yen.svg]
[onekit.madethemes.com/src/plugins/ionicons/dist/svg/logo-youtube.svg]
[onekit.madethemes.com/docs/svg-img/ionicons.html]
[onekit.madethemes.com/index-rtl.html]
[onekit.madethemes.com/src/js/theme-rtl.js]
[onekit.madethemes.com/sections/header/index.2df.delayed]
[onekit.madethemes.com/sections/header/header-1.html]
[onekit.madethemes.com/src/img-min/bg/pattern1.png]
[onekit.madethemes.com/sections/header/header-2.html]
[onekit.madethemes.com/sections/header/header-3.html]
[onekit.madethemes.com/sections/header/header-4.html]
[onekit.madethemes.com/sections/header/header-5.html]
[onekit.madethemes.com/docs/getting-started/support.html]
[onekit.madethemes.com/docs/getting-started/file-structures.html]
[onekit.madethemes.com/docs/getting-started/tools.html]
[onekit.madethemes.com/docs/getting-started/credits.html]
[onekit.madethemes.com/docs/getting-started/update.html]
[onekit.madethemes.com/docs/customization/css.html]
[onekit.madethemes.com/docs/customization/sass.html]
[onekit.madethemes.com/docs/customization/js.html]
[onekit.madethemes.com/docs/customization/typography.html]
[onekit.madethemes.com/docs/customization/colors.html]
[onekit.madethemes.com/docs/customization/rtl.html]
[onekit.madethemes.com/docs/layout/grid.html]
[onekit.madethemes.com/docs/layout/z-index.html]
[onekit.madethemes.com/docs/content/typography.html]
[onekit.madethemes.com/docs/forms/input-pill.html]
[onekit.madethemes.com/docs/components/accordion.html]
[onekit.madethemes.com/docs/components/animate.html]
[onekit.madethemes.com/docs/components/avatars.html]
[onekit.madethemes.com/docs/components/backtop.html]
[onekit.madethemes.com/docs/components/badge.html]
[onekit.madethemes.com/docs/components/bg-video.html]
[onekit.madethemes.com/docs/components/breadcrumb.html]
[onekit.madethemes.com/docs/components/buttons.html]
[onekit.madethemes.com/docs/components/cards.html]
[onekit.madethemes.com/docs/components/collapse.html]
[onekit.madethemes.com/src/img-min/app/android-landscape.jpg]
[onekit.madethemes.com/src/img-min/app/device/android-dark-landscape.png]
[onekit.madethemes.com/src/img-min/app/iphone-landscape.jpg]
[onekit.madethemes.com/src/img-min/app/device/iphone-dark-landscape.png]
[onekit.madethemes.com/src/img-min/app/device/iphone-light-landscape.png]
[onekit.madethemes.com/src/img-min/app/macbook-screen2.jpg]
[onekit.madethemes.com/src/img-min/app/device/macbook.png]
[onekit.madethemes.com/src/img-min/app/iphone-potrait2.jpg]
[onekit.madethemes.com/docs/components/device.html]
[onekit.madethemes.com/docs/components/dropdown.html]
[onekit.madethemes.com/docs/components/list-group.html]
[onekit.madethemes.com/docs/components/mega-menu.html]
[onekit.madethemes.com/docs/components/mobile-menu.html]
[onekit.madethemes.com/docs/components/modal.html]
[onekit.madethemes.com/docs/components/navbar.html]
[onekit.madethemes.com/docs/components/pagination.html]
[onekit.madethemes.com/docs/components/particles.html]
[onekit.madethemes.com/docs/components/popovers.html]
[onekit.madethemes.com/docs/components/progress.html]
[onekit.madethemes.com/docs/components/ribbon.html]
[onekit.madethemes.com/docs/components/spinners.html]
[onekit.madethemes.com/docs/components/tabs.html]
[onekit.madethemes.com/docs/components/toasts.html]
[onekit.madethemes.com/docs/components/tooltips.html]
[onekit.madethemes.com/docs/plugins/aos.html]
[onekit.madethemes.com/docs/plugins/counter-up.html]
[onekit.madethemes.com/src/img-min/section/coworking1.jpg]
[onekit.madethemes.com/src/img-min/section/coworking2.jpg]
[onekit.madethemes.com/docs/plugins/flickity.html]
[onekit.madethemes.com/docs/plugins/hc-sticky.html]
[onekit.madethemes.com/docs/plugins/isotope.html]
[onekit.madethemes.com/docs/plugins/jarallax.html]
[onekit.madethemes.com/docs/plugins/vanilla-lazyload.html]
[onekit.madethemes.com/docs/plugins/lightgallery.html]
[onekit.madethemes.com/docs/plugins/smooth-scroll.html]
[onekit.madethemes.com/docs/plugins/typed.html]
[onekit.madethemes.com/docs/plugins/waves.html]
[onekit.madethemes.com/docs/plugins/waypoints.html]
[onekit.madethemes.com/docs/utilities/colors.html]
[onekit.madethemes.com/docs/assets/img-min/img1.jpg]
[onekit.madethemes.com/docs/utilities/opacity.html]
[onekit.madethemes.com/docs/utilities/overlay.html]
[onekit.madethemes.com/docs/utilities/rotate.html]
[onekit.madethemes.com/docs/utilities/shadows.html]
[onekit.madethemes.com/docs/utilities/spacing.html]
[onekit.madethemes.com/docs/svg-img/scribble.html]
[onekit.madethemes.com/docs/optimization/overview.html]
[onekit.madethemes.com/docs/assets/img-min/measure.jpg]
[onekit.madethemes.com/docs/optimization/web-vitals.html]
[onekit.madethemes.com/docs/assets/img-min/speed.jpg]
[onekit.madethemes.com/docs/optimization/loading.html]
[onekit.madethemes.com/docs/assets/img-min/pwa.jpg]
[onekit.madethemes.com/docs/optimization/pwa.html]
[onekit.madethemes.com/docs/assets/img-min/webplogo.png]
[onekit.madethemes.com/docs/optimization/webp.html]
[onekit.madethemes.com/docs/assets/img-min/w3c.jpg]
[onekit.madethemes.com/docs/optimization/w3c.html]
[onekit.madethemes.com/sections/header/index.html]
[onekit.madethemes.com/sections/reviews.html]
[onekit.madethemes.com/sections/reviews.html]
[onekit.madethemes.com/src/img-min/demo/img1.jpg]
[onekit.madethemes.com/src/plugins/aos/dist/aos.css]
[onekit.madethemes.com/src/img-min/section/overview1.jpg]
[onekit.madethemes.com/src/img-min/section/company1.jpg]
[onekit.madethemes.com/src/img-min/bg/bg-planet.jpg]
[onekit.madethemes.com/src/img-min/bg/bg.jpg]
[onekit.madethemes.com/src/plugins/lightgallery.js/dist/fonts/lg8306.ttf]
[onekit.madethemes.com/src/img-min/bg/bg3.jpg]
[onekit.madethemes.com/src/img/section/coworking3.jpg]
[onekit.madethemes.com/src/img/section/coworking4.jpg]
[onekit.madethemes.com/src/plugins/lightgallery.js/dist/fonts/lg8306.woff]
[onekit.madethemes.com/src/plugins/lightgallery.js/dist/fonts/lg8306.svg]
[onekit.madethemes.com/src/img-min/avatar/avatar.png]
[onekit.madethemes.com/src/img-min/bg/bg-coding.jpg]
[onekit.madethemes.com/src/img-min/portfolio/digital1.jpg]
[onekit.madethemes.com/src/img/app/macbook-screen2.jpg]
[onekit.madethemes.com/src/plugins/lightgallery.js/dist/img/vimeo-play.png]
[onekit.madethemes.com/src/img/app/device/macbook.png]
[onekit.madethemes.com/src/img/app/iphone-potrait2.jpg]
[onekit.madethemes.com/src/img-min/section/app-desktop2.jpg]
[onekit.madethemes.com/src/img/bg/bg-event.jpg]
[onekit.madethemes.com/src/img/team/avatar1.png]
[onekit.madethemes.com/src/img/team/avatar2.png]
[onekit.madethemes.com/src/img/team/avatar3.png]
[onekit.madethemes.com/src/plugins/lightgallery.js/dist/img/video-play.png]
[onekit.madethemes.com/src/img/team/avatar2-small.png]
[onekit.madethemes.com/src/plugins/lightgallery.js/dist/img/youtube-play.png]
[onekit.madethemes.com/src/img/bg/bg-event2.jpg]
[onekit.madethemes.com/src/img/section/event1.jpg]
[onekit.madethemes.com/src/plugins/lightgallery.js/dist/img/loading.gif]
[onekit.madethemes.com/src/plugins/lightgallery.js/dist/css/lightgallery.min.css]
[onekit.madethemes.com/src/img/section/event2.jpg]
[onekit.madethemes.com/src/img/section/event3.jpg]
[onekit.madethemes.com/src/img-min/bg/bg-event2.jpg]
[onekit.madethemes.com/src/img-min/bg/pattern1.png]
[onekit.madethemes.com/src/plugins/flickity/dist/flickity.min.css]
[onekit.madethemes.com/src/img-min/section/coworking1.jpg]
[onekit.madethemes.com/src/css/theme.css]
[onekit.madethemes.com/src/img-min/section/coworking2.jpg]
[onekit.madethemes.com/src/plugins/lightgallery.js/dist/fonts/lg8306.ttf]
[onekit.madethemes.com/src/plugins/lightgallery.js/dist/fonts/lg8306.woff]
[onekit.madethemes.com/src/img-min/svg/start_up.svg]
[onekit.madethemes.com/src/img-min/svg/rocket_boy.svg]
[onekit.madethemes.com/src/img-min/svg/coding.svg]
[onekit.madethemes.com/src/img-min/svg/wallet.svg]
[onekit.madethemes.com/src/plugins/bootstrap/dist/js/bootstrap.bundle.min.js]
[onekit.madethemes.com/src/plugins/jarallax/dist/jarallax.min.js]
[onekit.madethemes.com/src/plugins/lightgallery.js/dist/img/video-play.png]
[onekit.madethemes.com/src/img-min/logo/favicon.png]
[onekit.madethemes.com/src/plugins/lightgallery.js/dist/img/youtube-play.png]
[onekit.madethemes.com/Trident/index.html]
[onekit.madethemes.com/GET]
[onekit.madethemes.com/src/plugins/jarallax/dist/jarallax-video.min.js]
[onekit.madethemes.com/src/plugins/lightgallery.js/dist/js/lightgallery.min.js]
[onekit.madethemes.com/src/plugins/lightgallery.js/demo/js/lg-thumbnail.min.js]
[onekit.madethemes.com/src/plugins/lightgallery.js/demo/js/lg-video.js]
[onekit.madethemes.com/src/plugins/aos/dist/aos.js]
[onekit.madethemes.com/src/plugins/waypoints/lib/noframework.waypoints.min.js]
[onekit.madethemes.com/src/plugins/counterup2/dist/index.js]
[onekit.madethemes.com/src/plugins/flickity/dist/flickity.pkgd.min.js]
[onekit.madethemes.com/src/plugins/typed.js/lib/typed.min.js]
[onekit.madethemes.com/src/plugins/isotope-layout/dist/isotope.pkgd.min.js]
[onekit.madethemes.com/src/plugins/smooth-scroll/dist/smooth-scroll.polyfills.min.js]
[onekit.madethemes.com/src/plugins/vanilla-lazyload/dist/lazyload.min.js]
[onekit.madethemes.com/src/plugins/hc-sticky/dist/hc-sticky.js]
[onekit.madethemes.com/src/js/theme.js]
[onekit.madethemes.com/src/img-min/svg/presentation2.svg]
[onekit.madethemes.com/src/img-min/svg/course.svg]
[onekit.madethemes.com/src/img-min/svg/course2.svg]
[onekit.madethemes.com/src/img-min/svg/protect.svg]
[onekit.madethemes.com/src/img/svg/discussion.svg]
[onekit.madethemes.com/src/img/svg/stand.svg]
[onekit.madethemes.com/Edge/index.html]
[onekit.madethemes.com/dist/index.html]
[onekit.madethemes.com/src/img/section/coworking2.jpg]
[onekit.madethemes.com/src/img/team/avatar4.png]
[onekit.madethemes.com/src/img-min/svg/404.svg]
[onekit.madethemes.com/src/img-min/svg/career.svg]
[onekit.madethemes.com/docs/assets/css/prism.css]
[onekit.madethemes.com/src/img/brand/paypal-credit.png]
[onekit.madethemes.com/sections/blog43ec.html]
[cdnjs.cloudflare.com/ajax/libs/clipboard.js/2.0.0/clipboard.min.js]
[onekit.madethemes.com/docs/assets/js/prism/prism.js]
[onekit.madethemes.com/sections/header/header-1.html]
[onekit.madethemes.com/src/img-min/svg/new_message.svg]
[onekit.madethemes.com/docs/assets/css/docs.css]
[onekit.madethemes.com/src/plugins/ionicons/dist/svg/add-circle-outline.svg]
[onekit.madethemes.com/src/plugins/ionicons/dist/svg/add-outline.svg]
[onekit.madethemes.com/src/plugins/ionicons/dist/svg/airplane-outline.svg]
[onekit.madethemes.com/src/plugins/ionicons/dist/svg/alarm-outline.svg]
[onekit.madethemes.com/src/plugins/ionicons/dist/svg/albums-outline.svg]
[onekit.madethemes.com/src/plugins/ionicons/dist/svg/alert-circle-outline.svg]
[onekit.madethemes.com/src/plugins/ionicons/dist/svg/alert-outline.svg]
[onekit.madethemes.com/src/plugins/ionicons/dist/svg/american-football-outline.svg]
[onekit.madethemes.com/src/plugins/ionicons/dist/svg/analytics-outline.svg]
[onekit.madethemes.com/src/plugins/ionicons/dist/svg/aperture-outline.svg]
[onekit.madethemes.com/src/plugins/ionicons/dist/svg/apps-outline.svg]
[onekit.madethemes.com/src/plugins/ionicons/dist/svg/archive-outline.svg]
[onekit.madethemes.com/src/plugins/ionicons/dist/svg/arrow-back-circle-outline.svg]
[onekit.madethemes.com/src/plugins/ionicons/dist/svg/arrow-back-outline.svg]
[onekit.madethemes.com/src/plugins/ionicons/dist/svg/arrow-down-outline.svg]
[onekit.madethemes.com/src/plugins/ionicons/dist/svg/arrow-forward-circle-outline.svg]
[onekit.madethemes.com/src/plugins/ionicons/dist/svg/arrow-forward-outline.svg]
[onekit.madethemes.com/src/plugins/ionicons/dist/svg/arrow-redo-circle-outline.svg]
[onekit.madethemes.com/src/plugins/ionicons/dist/svg/arrow-redo-outline.svg]
[onekit.madethemes.com/src/plugins/ionicons/dist/svg/arrow-undo-circle-outline.svg]
[onekit.madethemes.com/src/plugins/ionicons/dist/svg/arrow-undo-outline.svg]
[onekit.madethemes.com/src/plugins/ionicons/dist/svg/arrow-up-circle-outline.svg]
[onekit.madethemes.com/src/plugins/ionicons/dist/svg/arrow-up-outline.svg]
[onekit.madethemes.com/src/plugins/ionicons/dist/svg/at-circle-outline.svg]
[onekit.madethemes.com/src/plugins/ionicons/dist/svg/at-outline.svg]
[onekit.madethemes.com/src/plugins/ionicons/dist/svg/attach-outline.svg]
[onekit.madethemes.com/src/plugins/ionicons/dist/svg/backspace-outline.svg]
[onekit.madethemes.com/src/plugins/ionicons/dist/svg/bandage-outline.svg]
[onekit.madethemes.com/src/plugins/ionicons/dist/svg/barbell-outline.svg]
[onekit.madethemes.com/src/plugins/ionicons/dist/svg/bar-chart-outline.svg]
[onekit.madethemes.com/src/plugins/ionicons/dist/svg/barcode-outline.svg]
[onekit.madethemes.com/src/plugins/ionicons/dist/svg/baseball-outline.svg]
[onekit.madethemes.com/src/plugins/ionicons/dist/svg/basketball-outline.svg]
[onekit.madethemes.com/src/plugins/ionicons/dist/svg/basket-outline.svg]
[onekit.madethemes.com/src/plugins/ionicons/dist/svg/battery-charging-outline.svg]
[onekit.madethemes.com/src/plugins/ionicons/dist/svg/battery-dead-outline.svg]
[onekit.madethemes.com/src/plugins/ionicons/dist/svg/battery-full-outline.svg]
[onekit.madethemes.com/src/plugins/ionicons/dist/svg/battery-half-outline.svg]
[onekit.madethemes.com/src/plugins/ionicons/dist/svg/beaker-outline.svg]
[onekit.madethemes.com/src/plugins/ionicons/dist/svg/bed-outline.svg]
[onekit.madethemes.com/src/plugins/ionicons/dist/svg/bicycle-outline.svg]
[onekit.madethemes.com/src/plugins/ionicons/dist/svg/bluetooth-outline.svg]
[onekit.madethemes.com/src/plugins/ionicons/dist/svg/boat-outline.svg]
[onekit.madethemes.com/src/plugins/ionicons/dist/svg/body-outline.svg]
[onekit.madethemes.com/src/plugins/ionicons/dist/svg/bonfire-outline.svg]
[onekit.madethemes.com/src/plugins/ionicons/dist/svg/bookmark-outline.svg]
[onekit.madethemes.com/src/plugins/ionicons/dist/svg/bookmarks-outline.svg]
[onekit.madethemes.com/src/plugins/ionicons/dist/svg/book-outline.svg]
[onekit.madethemes.com/src/plugins/ionicons/dist/svg/briefcase-outline.svg]
[onekit.madethemes.com/src/plugins/ionicons/dist/svg/browsers-outline.svg]
[onekit.madethemes.com/src/plugins/ionicons/dist/svg/brush-outline.svg]
[onekit.madethemes.com/src/plugins/ionicons/dist/svg/build-outline.svg]
[onekit.madethemes.com/src/plugins/ionicons/dist/svg/bug-outline.svg]
[onekit.madethemes.com/src/plugins/ionicons/dist/svg/bulb-outline.svg]
[onekit.madethemes.com/src/plugins/ionicons/dist/svg/business-outline.svg]
[onekit.madethemes.com/src/plugins/ionicons/dist/svg/bus-outline.svg]
[onekit.madethemes.com/src/plugins/ionicons/dist/svg/cafe-outline.svg]
[onekit.madethemes.com/src/plugins/ionicons/dist/svg/calculator-outline.svg]
[onekit.madethemes.com/src/plugins/ionicons/dist/svg/calendar-outline.svg]
[onekit.madethemes.com/src/plugins/ionicons/dist/svg/call-outline.svg]
[onekit.madethemes.com/src/plugins/ionicons/dist/svg/camera-reverse-outline.svg]
[onekit.madethemes.com/src/plugins/ionicons/dist/svg/camera-outline.svg]
[onekit.madethemes.com/src/plugins/ionicons/dist/svg/card-outline.svg]
[onekit.madethemes.com/src/plugins/ionicons/dist/svg/caret-back-circle-outline.svg]
[onekit.madethemes.com/src/plugins/ionicons/dist/svg/caret-back-outline.svg]
[onekit.madethemes.com/src/plugins/ionicons/dist/svg/caret-down-circle-outline.svg]
[onekit.madethemes.com/src/plugins/ionicons/dist/svg/caret-down-outline.svg]
[onekit.madethemes.com/src/plugins/ionicons/dist/svg/caret-forward-circle-outline.svg]
[onekit.madethemes.com/src/plugins/ionicons/dist/svg/caret-forward-outline.svg]
[onekit.madethemes.com/src/plugins/ionicons/dist/svg/caret-up-circle-outline.svg]
[onekit.madethemes.com/src/plugins/ionicons/dist/svg/caret-up-outline.svg]
[onekit.madethemes.com/src/plugins/ionicons/dist/svg/car-outline.svg]
[onekit.madethemes.com/src/plugins/ionicons/dist/svg/car-sport-outline.svg]
[onekit.madethemes.com/src/plugins/ionicons/dist/svg/cart-outline.svg]
[onekit.madethemes.com/src/plugins/ionicons/dist/svg/cash-outline.svg]
[onekit.madethemes.com/src/plugins/ionicons/dist/svg/cellular-outline.svg]
[onekit.madethemes.com/src/plugins/ionicons/dist/svg/chatbox-ellipses-outline.svg]
[onekit.madethemes.com/src/plugins/ionicons/dist/svg/chatbox-outline.svg]
[onekit.madethemes.com/src/plugins/ionicons/dist/svg/chatbubble-ellipses-outline.svg]
[onekit.madethemes.com/src/plugins/ionicons/dist/svg/chatbubble-outline.svg]
[onekit.madethemes.com/src/plugins/ionicons/dist/svg/chatbubbles-outline.svg]
[onekit.madethemes.com/src/plugins/ionicons/dist/svg/checkbox-outline.svg]
[onekit.madethemes.com/src/plugins/ionicons/dist/svg/checkmark-circle-outline.svg]
[onekit.madethemes.com/src/plugins/ionicons/dist/svg/checkmark-done-circle-outline.svg]
[onekit.madethemes.com/src/plugins/ionicons/dist/svg/checkmark-done-outline.svg]
[onekit.madethemes.com/src/plugins/ionicons/dist/svg/clipboard-outline.svg]
[onekit.madethemes.com/src/plugins/ionicons/dist/svg/chevron-back-circle-outline.svg]
[onekit.madethemes.com/src/plugins/ionicons/dist/svg/chevron-back-outline.svg]
[onekit.madethemes.com/src/plugins/ionicons/dist/svg/chevron-down-circle-outline.svg]
[onekit.madethemes.com/src/plugins/ionicons/dist/svg/chevron-down-outline.svg]
[onekit.madethemes.com/src/plugins/ionicons/dist/svg/chevron-forward-circle-outline.svg]
[onekit.madethemes.com/src/plugins/ionicons/dist/svg/chevron-forward-outline.svg]
[onekit.madethemes.com/src/plugins/ionicons/dist/svg/chevron-up-circle-outline.svg]
[onekit.madethemes.com/src/plugins/ionicons/dist/svg/chevron-up-outline.svg]
[onekit.madethemes.com/src/plugins/ionicons/dist/svg/close-circle-outline.svg]
[onekit.madethemes.com/src/plugins/ionicons/dist/svg/close-outline.svg]
[onekit.madethemes.com/src/plugins/ionicons/dist/svg/cloud-circle-outline.svg]
[onekit.madethemes.com/src/plugins/ionicons/dist/svg/cloud-done-outline.svg]
[onekit.madethemes.com/src/plugins/ionicons/dist/svg/cloud-download-outline.svg]
[onekit.madethemes.com/src/plugins/ionicons/dist/svg/cloud-offline-outline.svg]
[onekit.madethemes.com/src/plugins/ionicons/dist/svg/cloud-outline.svg]
[onekit.madethemes.com/src/plugins/ionicons/dist/svg/cloud-upload-outline.svg]
[onekit.madethemes.com/src/plugins/ionicons/dist/svg/cloudy-night-outline.svg]
[onekit.madethemes.com/src/plugins/ionicons/dist/svg/cloudy-outline.svg]
[onekit.madethemes.com/src/plugins/ionicons/dist/svg/code-download-outline.svg]
[onekit.madethemes.com/src/plugins/ionicons/dist/svg/code-outline.svg]
[onekit.madethemes.com/src/plugins/ionicons/dist/svg/code-working-outline.svg]
[onekit.madethemes.com/src/plugins/ionicons/dist/svg/cog-outline.svg]
[onekit.madethemes.com/src/plugins/ionicons/dist/svg/color-fill-outline.svg]
[onekit.madethemes.com/src/plugins/ionicons/dist/svg/color-filter-outline.svg]
[onekit.madethemes.com/src/plugins/ionicons/dist/svg/color-palette-outline.svg]
[onekit.madethemes.com/src/plugins/ionicons/dist/svg/color-wand-outline.svg]
[onekit.madethemes.com/src/plugins/ionicons/dist/svg/compass-outline.svg]
[onekit.madethemes.com/src/plugins/ionicons/dist/svg/construct-outline.svg]
[onekit.madethemes.com/src/plugins/ionicons/dist/svg/contract-outline.svg]
[onekit.madethemes.com/src/plugins/ionicons/dist/svg/contrast-outline.svg]
[onekit.madethemes.com/src/plugins/ionicons/dist/svg/copy-outline.svg]
[onekit.madethemes.com/src/plugins/ionicons/dist/svg/create-outline.svg]
[onekit.madethemes.com/src/plugins/ionicons/dist/svg/crop-outline.svg]
[onekit.madethemes.com/src/plugins/ionicons/dist/svg/cube-outline.svg]
[onekit.madethemes.com/src/plugins/ionicons/dist/svg/cut-outline.svg]
[onekit.madethemes.com/src/plugins/ionicons/dist/svg/desktop-outline.svg]
[onekit.madethemes.com/src/plugins/ionicons/dist/svg/disc-outline.svg]
[onekit.madethemes.com/src/plugins/ionicons/dist/svg/document-attach-outline.svg]
[onekit.madethemes.com/src/plugins/ionicons/dist/svg/document-outline.svg]
[onekit.madethemes.com/src/plugins/ionicons/dist/svg/documents-outline.svg]
[onekit.madethemes.com/src/plugins/ionicons/dist/svg/document-text-outline.svg]
[onekit.madethemes.com/src/plugins/ionicons/dist/svg/download-outline.svg]
[onekit.madethemes.com/src/plugins/ionicons/dist/svg/duplicate-outline.svg]
[onekit.madethemes.com/src/plugins/ionicons/dist/svg/ear-outline.svg]
[onekit.madethemes.com/src/plugins/ionicons/dist/svg/earth-outline.svg]
[onekit.madethemes.com/src/plugins/ionicons/dist/svg/easel-outline.svg]
[onekit.madethemes.com/src/plugins/ionicons/dist/svg/egg-outline.svg]
[onekit.madethemes.com/src/plugins/ionicons/dist/svg/ellipse-outline.svg]
[onekit.madethemes.com/src/plugins/ionicons/dist/svg/ellipsis-horizontal-circle-outline.svg]
[onekit.madethemes.com/src/plugins/ionicons/dist/svg/ellipsis-horizontal-outline.svg]
[onekit.madethemes.com/src/plugins/ionicons/dist/svg/ellipsis-vertical-circle-outline.svg]
[onekit.madethemes.com/src/plugins/ionicons/dist/svg/ellipsis-vertical-outline.svg]
[onekit.madethemes.com/src/plugins/ionicons/dist/svg/enter-outline.svg]
[onekit.madethemes.com/src/plugins/ionicons/dist/svg/exit-outline.svg]
[onekit.madethemes.com/src/plugins/ionicons/dist/svg/expand-outline.svg]
[onekit.madethemes.com/src/plugins/ionicons/dist/svg/eyedrop-outline.svg]
[onekit.madethemes.com/src/plugins/ionicons/dist/svg/eye-off-outline.svg]
[onekit.madethemes.com/src/plugins/ionicons/dist/svg/eye-outline.svg]
[onekit.madethemes.com/src/plugins/ionicons/dist/svg/fast-food-outline.svg]
[onekit.madethemes.com/src/plugins/ionicons/dist/svg/female-outline.svg]
[onekit.madethemes.com/src/plugins/ionicons/dist/svg/file-tray-full-outline.svg]
[onekit.madethemes.com/src/plugins/ionicons/dist/svg/file-tray-outline.svg]
[onekit.madethemes.com/src/plugins/ionicons/dist/svg/file-tray-stacked-outline.svg]
[onekit.madethemes.com/src/plugins/ionicons/dist/svg/film-outline.svg]
[onekit.madethemes.com/src/plugins/ionicons/dist/svg/filter-outline.svg]
[onekit.madethemes.com/src/plugins/ionicons/dist/svg/finger-print-outline.svg]
[onekit.madethemes.com/src/plugins/ionicons/dist/svg/fitness-outline.svg]
[onekit.madethemes.com/src/plugins/ionicons/dist/svg/flag-outline.svg]
[onekit.madethemes.com/src/plugins/ionicons/dist/svg/flame-outline.svg]
[onekit.madethemes.com/src/plugins/ionicons/dist/svg/flashlight-outline.svg]
[onekit.madethemes.com/src/plugins/ionicons/dist/svg/flash-off-outline.svg]
[onekit.madethemes.com/src/plugins/ionicons/dist/svg/flash-outline.svg]
[onekit.madethemes.com/src/plugins/ionicons/dist/svg/flask-outline.svg]
[onekit.madethemes.com/src/plugins/ionicons/dist/svg/flower-outline.svg]
[onekit.madethemes.com/src/plugins/ionicons/dist/svg/folder-open-outline.svg]
[onekit.madethemes.com/src/plugins/ionicons/dist/svg/folder-outline.svg]
[onekit.madethemes.com/src/plugins/ionicons/dist/svg/football-outline.svg]
[onekit.madethemes.com/src/plugins/ionicons/dist/svg/funnel-outline.svg]
[onekit.madethemes.com/src/plugins/ionicons/dist/svg/game-controller-outline.svg]
[onekit.madethemes.com/src/plugins/ionicons/dist/svg/gift-outline.svg]
[onekit.madethemes.com/src/plugins/ionicons/dist/svg/git-branch-outline.svg]
[onekit.madethemes.com/src/plugins/ionicons/dist/svg/git-commit-outline.svg]
[onekit.madethemes.com/src/plugins/ionicons/dist/svg/git-compare-outline.svg]
[onekit.madethemes.com/src/plugins/ionicons/dist/svg/git-merge-outline.svg]
[onekit.madethemes.com/src/plugins/ionicons/dist/svg/git-network-outline.svg]
[onekit.madethemes.com/src/plugins/ionicons/dist/svg/git-pull-request-outline.svg]
[onekit.madethemes.com/src/plugins/ionicons/dist/svg/glasses-outline.svg]
[onekit.madethemes.com/src/plugins/ionicons/dist/svg/globe-outline.svg]
[onekit.madethemes.com/src/plugins/ionicons/dist/svg/golf-outline.svg]
[onekit.madethemes.com/src/plugins/ionicons/dist/svg/grid-outline.svg]
[onekit.madethemes.com/src/plugins/ionicons/dist/svg/hammer-outline.svg]
[onekit.madethemes.com/src/plugins/ionicons/dist/svg/hand-left-outline.svg]
[onekit.madethemes.com/src/plugins/ionicons/dist/svg/hand-right-outline.svg]
[onekit.madethemes.com/src/plugins/ionicons/dist/svg/happy-outline.svg]
[onekit.madethemes.com/src/plugins/ionicons/dist/svg/hardware-chip-outline.svg]
[onekit.madethemes.com/src/plugins/ionicons/dist/svg/headset-outline.svg]
[onekit.madethemes.com/src/plugins/ionicons/dist/svg/heart-circle-outline.svg]
[onekit.madethemes.com/src/plugins/ionicons/dist/svg/heart-dislike-circle-outline.svg]
[onekit.madethemes.com/src/plugins/ionicons/dist/svg/heart-half-outline.svg]
[onekit.madethemes.com/src/plugins/ionicons/dist/svg/heart-outline.svg]
[onekit.madethemes.com/src/plugins/ionicons/dist/svg/help-buoy-outline.svg]
[onekit.madethemes.com/src/plugins/ionicons/dist/svg/help-circle-outline.svg]
[onekit.madethemes.com/src/plugins/ionicons/dist/svg/help-outline.svg]
[onekit.madethemes.com/src/plugins/ionicons/dist/svg/home-outline.svg]
[onekit.madethemes.com/src/plugins/ionicons/dist/svg/hourglass-outline.svg]
[onekit.madethemes.com/src/plugins/ionicons/dist/svg/ice-cream-outline.svg]
[onekit.madethemes.com/src/plugins/ionicons/dist/svg/image-outline.svg]
[onekit.madethemes.com/src/plugins/ionicons/dist/svg/images-outline.svg]
[onekit.madethemes.com/src/plugins/ionicons/dist/svg/infinite-outline.svg]
[onekit.madethemes.com/src/plugins/ionicons/dist/svg/information-circle-outline.svg]
[onekit.madethemes.com/src/plugins/ionicons/dist/svg/information-outline.svg]
[onekit.madethemes.com/src/plugins/ionicons/dist/svg/journal-outline.svg]
[onekit.madethemes.com/src/plugins/ionicons/dist/svg/key-outline.svg]
[onekit.madethemes.com/src/plugins/ionicons/dist/svg/keypad-outline.svg]
[onekit.madethemes.com/src/plugins/ionicons/dist/svg/language-outline.svg]
[onekit.madethemes.com/src/plugins/ionicons/dist/svg/laptop-outline.svg]
[onekit.madethemes.com/src/plugins/ionicons/dist/svg/layers-outline.svg]
[onekit.madethemes.com/src/plugins/ionicons/dist/svg/leaf-outline.svg]
[onekit.madethemes.com/src/plugins/ionicons/dist/svg/library-outline.svg]
[onekit.madethemes.com/src/plugins/ionicons/dist/svg/link-outline.svg]
[onekit.madethemes.com/src/plugins/ionicons/dist/svg/list-circle-outline.svg]
[onekit.madethemes.com/src/plugins/ionicons/dist/svg/list-outline.svg]
[onekit.madethemes.com/src/plugins/ionicons/dist/svg/log-out-outline.svg]
[onekit.madethemes.com/src/plugins/ionicons/dist/svg/locate-outline.svg]
[onekit.madethemes.com/src/plugins/ionicons/dist/svg/location-outline.svg]
[onekit.madethemes.com/src/plugins/ionicons/dist/svg/lock-closed-outline.svg]
[onekit.madethemes.com/src/plugins/ionicons/dist/svg/lock-open-outline.svg]
[onekit.madethemes.com/src/plugins/ionicons/dist/svg/log-in-outline.svg]
[onekit.madethemes.com/src/plugins/ionicons/dist/svg/magnet-outline.svg]
[onekit.madethemes.com/src/plugins/ionicons/dist/svg/mail-open-outline.svg]
[onekit.madethemes.com/src/plugins/ionicons/dist/svg/mail-outline.svg]
[onekit.madethemes.com/src/plugins/ionicons/dist/svg/mail-unread-outline.svg]
[onekit.madethemes.com/src/plugins/ionicons/dist/svg/male-female-outline.svg]
[onekit.madethemes.com/src/plugins/ionicons/dist/svg/male-outline.svg]
[onekit.madethemes.com/src/plugins/ionicons/dist/svg/man-outline.svg]
[onekit.madethemes.com/src/plugins/ionicons/dist/svg/map-outline.svg]
[onekit.madethemes.com/src/plugins/ionicons/dist/svg/medal-outline.svg]
[onekit.madethemes.com/src/plugins/ionicons/dist/svg/medical-outline.svg]
[onekit.madethemes.com/src/plugins/ionicons/dist/svg/medkit-outline.svg]
[onekit.madethemes.com/src/plugins/ionicons/dist/svg/megaphone-outline.svg]
[onekit.madethemes.com/src/plugins/ionicons/dist/svg/menu-outline.svg]
[onekit.madethemes.com/src/plugins/ionicons/dist/svg/mic-circle-outline.svg]
[onekit.madethemes.com/src/plugins/ionicons/dist/svg/mic-off-circle-outline.svg]
[onekit.madethemes.com/src/plugins/ionicons/dist/svg/mic-off-outline.svg]
[onekit.madethemes.com/src/plugins/ionicons/dist/svg/mic-outline.svg]
[onekit.madethemes.com/src/plugins/ionicons/dist/svg/moon-outline.svg]
[onekit.madethemes.com/src/plugins/ionicons/dist/svg/move-outline.svg]
[onekit.madethemes.com/src/plugins/ionicons/dist/svg/musical-note-outline.svg]
[onekit.madethemes.com/src/plugins/ionicons/dist/svg/musical-notes-outline.svg]
[onekit.madethemes.com/src/plugins/ionicons/dist/svg/navigate-circle-outline.svg]
[onekit.madethemes.com/src/plugins/ionicons/dist/svg/navigate-outline.svg]
[onekit.madethemes.com/src/plugins/ionicons/dist/svg/checkmark-outline.svg]
[onekit.madethemes.com/src/plugins/ionicons/dist/svg/notifications-circle-outline.svg]
[onekit.madethemes.com/src/plugins/ionicons/dist/svg/notifications-off-circle-outline.svg]
[onekit.madethemes.com/src/plugins/ionicons/dist/svg/notifications-off-outline.svg]
[onekit.madethemes.com/src/plugins/ionicons/dist/svg/notifications-outline.svg]
[onekit.madethemes.com/src/plugins/ionicons/dist/svg/nuclear-outline.svg]
[onekit.madethemes.com/src/plugins/ionicons/dist/svg/nutrition-outline.svg]
[onekit.madethemes.com/src/plugins/ionicons/dist/svg/open-outline.svg]
[onekit.madethemes.com/src/plugins/ionicons/dist/svg/options-outline.svg]
[onekit.madethemes.com/src/plugins/ionicons/dist/svg/paper-plane-outline.svg]
[onekit.madethemes.com/src/plugins/ionicons/dist/svg/partly-sunny-outline.svg]
[onekit.madethemes.com/src/plugins/ionicons/dist/svg/pause-circle-outline.svg]
[onekit.madethemes.com/src/plugins/ionicons/dist/svg/pause-outline.svg]
[onekit.madethemes.com/src/plugins/ionicons/dist/svg/pencil-outline.svg]
[onekit.madethemes.com/src/plugins/ionicons/dist/svg/people-circle-outline.svg]
[onekit.madethemes.com/src/plugins/ionicons/dist/svg/people-outline.svg]
[onekit.madethemes.com/src/plugins/ionicons/dist/svg/person-add-outline.svg]
[onekit.madethemes.com/src/plugins/ionicons/dist/svg/person-circle-outline.svg]
[onekit.madethemes.com/src/plugins/ionicons/dist/svg/person-outline.svg]
[onekit.madethemes.com/src/plugins/ionicons/dist/svg/person-remove-outline.svg]
[onekit.madethemes.com/src/plugins/ionicons/dist/svg/phone-landscape-outline.svg]
[onekit.madethemes.com/src/plugins/ionicons/dist/svg/phone-portrait-outline.svg]
[onekit.madethemes.com/src/plugins/ionicons/dist/svg/pie-chart-outline.svg]
[onekit.madethemes.com/src/plugins/ionicons/dist/svg/pin-outline.svg]
[onekit.madethemes.com/src/plugins/ionicons/dist/svg/pint-outline.svg]
[onekit.madethemes.com/src/plugins/ionicons/dist/svg/pizza-outline.svg]
[onekit.madethemes.com/src/plugins/ionicons/dist/svg/planet-outline.svg]
[onekit.madethemes.com/src/plugins/ionicons/dist/svg/play-back-circle-outline.svg]
[onekit.madethemes.com/src/plugins/ionicons/dist/svg/play-back-outline.svg]
[onekit.madethemes.com/src/plugins/ionicons/dist/svg/play-forward-outline.svg]
[onekit.madethemes.com/src/plugins/ionicons/dist/svg/play-forward-circle-outline.svg]
[onekit.madethemes.com/src/plugins/ionicons/dist/svg/play-outline.svg]
[onekit.madethemes.com/src/plugins/ionicons/dist/svg/play-skip-back-circle-outline.svg]
[onekit.madethemes.com/src/plugins/ionicons/dist/svg/play-skip-back-outline.svg]
[onekit.madethemes.com/src/plugins/ionicons/dist/svg/play-skip-forward-circle-outline.svg]
[onekit.madethemes.com/src/plugins/ionicons/dist/svg/play-skip-forward-outline.svg]
[onekit.madethemes.com/src/plugins/ionicons/dist/svg/podium-outline.svg]
[onekit.madethemes.com/src/plugins/ionicons/dist/svg/power-outline.svg]
[onekit.madethemes.com/src/plugins/ionicons/dist/svg/pricetag-outline.svg]
[onekit.madethemes.com/src/plugins/ionicons/dist/svg/pricetags-outline.svg]
[onekit.madethemes.com/src/plugins/ionicons/dist/svg/print-outline.svg]
[onekit.madethemes.com/src/plugins/ionicons/dist/svg/pulse-outline.svg]
[onekit.madethemes.com/src/plugins/ionicons/dist/svg/push-outline.svg]
[onekit.madethemes.com/src/plugins/ionicons/dist/svg/qr-code-outline.svg]
[onekit.madethemes.com/src/plugins/ionicons/dist/svg/radio-button-off-outline.svg]
[onekit.madethemes.com/src/plugins/ionicons/dist/svg/radio-button-on-outline.svg]
[onekit.madethemes.com/src/plugins/ionicons/dist/svg/radio-outline.svg]
[onekit.madethemes.com/src/plugins/ionicons/dist/svg/rainy-outline.svg]
[onekit.madethemes.com/src/plugins/ionicons/dist/svg/reader-outline.svg]
[onekit.madethemes.com/src/plugins/ionicons/dist/svg/receipt-outline.svg]
[onekit.madethemes.com/src/plugins/ionicons/dist/svg/recording-outline.svg]
[onekit.madethemes.com/src/plugins/ionicons/dist/svg/refresh-circle-outline.svg]
[onekit.madethemes.com/src/plugins/ionicons/dist/svg/refresh-outline.svg]
[onekit.madethemes.com/src/plugins/ionicons/dist/svg/reload-circle-outline.svg]
[onekit.madethemes.com/src/plugins/ionicons/dist/svg/reload-outline.svg]
[onekit.madethemes.com/src/plugins/ionicons/dist/svg/remove-circle-outline.svg]
[onekit.madethemes.com/src/plugins/ionicons/dist/svg/remove-outline.svg]
[onekit.madethemes.com/src/plugins/ionicons/dist/svg/code-slash-outline.svg]
[onekit.madethemes.com/src/plugins/ionicons/dist/svg/reorder-three-outline.svg]
[onekit.madethemes.com/src/plugins/ionicons/dist/svg/reorder-two-outline.svg]
[onekit.madethemes.com/src/plugins/ionicons/dist/svg/repeat-outline.svg]
[onekit.madethemes.com/src/plugins/ionicons/dist/svg/resize-outline.svg]
[onekit.madethemes.com/src/plugins/ionicons/dist/svg/restaurant-outline.svg]
[onekit.madethemes.com/src/plugins/ionicons/dist/svg/return-down-back-outline.svg]
[onekit.madethemes.com/src/plugins/ionicons/dist/svg/return-down-forward-outline.svg]
[onekit.madethemes.com/src/plugins/ionicons/dist/svg/return-up-back-outline.svg]
[onekit.madethemes.com/src/plugins/ionicons/dist/svg/return-up-forward-outline.svg]
[onekit.madethemes.com/src/plugins/ionicons/dist/svg/ribbon-outline.svg]
[onekit.madethemes.com/src/plugins/ionicons/dist/svg/rocket-outline.svg]
[onekit.madethemes.com/src/plugins/ionicons/dist/svg/rose-outline.svg]
[onekit.madethemes.com/src/plugins/ionicons/dist/svg/sad-outline.svg]
[onekit.madethemes.com/src/plugins/ionicons/dist/svg/scan-circle-outline.svg]
[onekit.madethemes.com/src/plugins/ionicons/dist/svg/scan-outline.svg]
[onekit.madethemes.com/src/plugins/ionicons/dist/svg/school-outline.svg]
[onekit.madethemes.com/src/plugins/ionicons/dist/svg/search-circle-outline.svg]
[onekit.madethemes.com/src/plugins/ionicons/dist/svg/search-outline.svg]
[onekit.madethemes.com/src/plugins/ionicons/dist/svg/send-outline.svg]
[onekit.madethemes.com/src/plugins/ionicons/dist/svg/server-outline.svg]
[onekit.madethemes.com/src/plugins/ionicons/dist/svg/settings-outline.svg]
[onekit.madethemes.com/src/plugins/ionicons/dist/svg/shapes-outline.svg]
[onekit.madethemes.com/src/plugins/ionicons/dist/svg/share-outline.svg]
[onekit.madethemes.com/src/plugins/ionicons/dist/svg/share-social-outline.svg]
[onekit.madethemes.com/src/plugins/ionicons/dist/svg/shield-checkmark-outline.svg]
[onekit.madethemes.com/src/plugins/ionicons/dist/svg/shield-outline.svg]
[onekit.madethemes.com/src/plugins/ionicons/dist/svg/shirt-outline.svg]
[onekit.madethemes.com/src/plugins/ionicons/dist/svg/shuffle-outline.svg]
[onekit.madethemes.com/src/plugins/ionicons/dist/svg/skull-outline.svg]
[onekit.madethemes.com/src/plugins/ionicons/dist/svg/snow-outline.svg]
[onekit.madethemes.com/src/plugins/ionicons/dist/svg/speedometer-outline.svg]
[onekit.madethemes.com/src/plugins/ionicons/dist/svg/square-outline.svg]
[onekit.madethemes.com/src/plugins/ionicons/dist/svg/star.svg]
[onekit.madethemes.com/src/plugins/ionicons/dist/svg/star-half-outline.svg]
[onekit.madethemes.com/src/plugins/ionicons/dist/svg/star-outline.svg]
[onekit.madethemes.com/src/plugins/ionicons/dist/svg/reorder-four-outline.svg]
[onekit.madethemes.com/src/plugins/ionicons/dist/svg/stop-circle-outline.svg]
[onekit.madethemes.com/src/plugins/ionicons/dist/svg/stop-outline.svg]
[onekit.madethemes.com/src/plugins/ionicons/dist/svg/stopwatch-outline.svg]
[onekit.madethemes.com/src/plugins/ionicons/dist/svg/subway-outline.svg]
[onekit.madethemes.com/src/plugins/ionicons/dist/svg/sunny-outline.svg]
[onekit.madethemes.com/src/plugins/ionicons/dist/svg/swap-horizontal-outline.svg]
[onekit.madethemes.com/src/plugins/ionicons/dist/svg/swap-vertical-outline.svg]
[onekit.madethemes.com/src/plugins/ionicons/dist/svg/sync-circle-outline.svg]
[onekit.madethemes.com/src/plugins/ionicons/dist/svg/sync-outline.svg]
[onekit.madethemes.com/src/plugins/ionicons/dist/svg/tablet-landscape-outline.svg]
[onekit.madethemes.com/src/plugins/ionicons/dist/svg/tablet-portrait-outline.svg]
[onekit.madethemes.com/src/plugins/ionicons/dist/svg/tennisball-outline.svg]
[onekit.madethemes.com/src/plugins/ionicons/dist/svg/terminal-outline.svg]
[onekit.madethemes.com/src/plugins/ionicons/dist/svg/text-outline.svg]
[onekit.madethemes.com/src/plugins/ionicons/dist/svg/thermometer-outline.svg]
[onekit.madethemes.com/src/plugins/ionicons/dist/svg/thumbs-down-outline.svg]
[onekit.madethemes.com/src/plugins/ionicons/dist/svg/thumbs-up-outline.svg]
[onekit.madethemes.com/src/plugins/ionicons/dist/svg/thunderstorm-outline.svg]
[onekit.madethemes.com/src/plugins/ionicons/dist/svg/time-outline.svg]
[onekit.madethemes.com/src/plugins/ionicons/dist/svg/timer-outline.svg]
[onekit.madethemes.com/src/plugins/ionicons/dist/svg/today-outline.svg]
[onekit.madethemes.com/src/plugins/ionicons/dist/svg/toggle-outline.svg]
[onekit.madethemes.com/src/plugins/ionicons/dist/svg/trail-sign-outline.svg]
[onekit.madethemes.com/src/plugins/ionicons/dist/svg/train-outline.svg]
[onekit.madethemes.com/src/plugins/ionicons/dist/svg/trash-bin-outline.svg]
[onekit.madethemes.com/src/plugins/ionicons/dist/svg/trash-outline.svg]
[onekit.madethemes.com/src/plugins/ionicons/dist/svg/trending-down-outline.svg]
[onekit.madethemes.com/src/plugins/ionicons/dist/svg/trending-up-outline.svg]
[onekit.madethemes.com/src/plugins/ionicons/dist/svg/triangle-outline.svg]
[onekit.madethemes.com/src/plugins/ionicons/dist/svg/trophy-outline.svg]
[onekit.madethemes.com/src/plugins/ionicons/dist/svg/tv-outline.svg]
[onekit.madethemes.com/src/plugins/ionicons/dist/svg/umbrella-outline.svg]
[onekit.madethemes.com/src/plugins/ionicons/dist/svg/videocam-outline.svg]
[onekit.madethemes.com/src/plugins/ionicons/dist/svg/volume-high-outline.svg]
[onekit.madethemes.com/src/plugins/ionicons/dist/svg/volume-low-outline.svg]
[onekit.madethemes.com/src/plugins/ionicons/dist/svg/volume-medium-outline.svg]
[onekit.madethemes.com/src/plugins/ionicons/dist/svg/volume-off-outline.svg]
[onekit.madethemes.com/src/plugins/ionicons/dist/svg/volume-mute-outline.svg]
[onekit.madethemes.com/src/plugins/ionicons/dist/svg/walk-outline.svg]
[onekit.madethemes.com/src/plugins/ionicons/dist/svg/wallet-outline.svg]
[onekit.madethemes.com/src/plugins/ionicons/dist/svg/warning-outline.svg]
[onekit.madethemes.com/src/plugins/ionicons/dist/svg/watch-outline.svg]
[onekit.madethemes.com/src/plugins/ionicons/dist/svg/water-outline.svg]
[onekit.madethemes.com/src/plugins/ionicons/dist/svg/wifi-outline.svg]
[onekit.madethemes.com/src/plugins/ionicons/dist/svg/woman-outline.svg]
[onekit.madethemes.com/src/plugins/ionicons/dist/svg/logo-amazon.svg]
[onekit.madethemes.com/src/plugins/ionicons/dist/svg/logo-amplify.svg]
[onekit.madethemes.com/src/plugins/ionicons/dist/svg/logo-android.svg]
[onekit.madethemes.com/src/plugins/ionicons/dist/svg/logo-angular.svg]
[onekit.madethemes.com/src/plugins/ionicons/dist/svg/logo-apple.svg]
[onekit.madethemes.com/src/plugins/ionicons/dist/svg/logo-apple-appstore.svg]
[onekit.madethemes.com/src/plugins/ionicons/dist/svg/logo-bitbucket.svg]
[onekit.madethemes.com/src/plugins/ionicons/dist/svg/logo-bitcoin.svg]
[onekit.madethemes.com/src/plugins/ionicons/dist/svg/logo-buffer.svg]
[onekit.madethemes.com/src/plugins/ionicons/dist/svg/logo-capacitor.svg]
[onekit.madethemes.com/src/plugins/ionicons/dist/svg/logo-chrome.svg]
[onekit.madethemes.com/src/plugins/ionicons/dist/svg/logo-closed-captioning.svg]
[onekit.madethemes.com/src/plugins/ionicons/dist/svg/logo-codepen.svg]
[onekit.madethemes.com/src/plugins/ionicons/dist/svg/arrow-down-circle-outline.svg]
[onekit.madethemes.com/src/plugins/ionicons/dist/svg/logo-designernews.svg]
[onekit.madethemes.com/src/plugins/ionicons/dist/svg/logo-dribbble.svg]
[onekit.madethemes.com/src/plugins/ionicons/dist/svg/logo-dropbox.svg]
[onekit.madethemes.com/src/plugins/ionicons/dist/svg/logo-edge.svg]
[onekit.madethemes.com/src/plugins/ionicons/dist/svg/logo-electron.svg]
[onekit.madethemes.com/src/plugins/ionicons/dist/svg/logo-euro.svg]
[onekit.madethemes.com/src/plugins/ionicons/dist/svg/logo-facebook.svg]
[onekit.madethemes.com/src/plugins/ionicons/dist/svg/logo-firebase.svg]
[onekit.madethemes.com/src/plugins/ionicons/dist/svg/logo-firefox.svg]
[onekit.madethemes.com/src/plugins/ionicons/dist/svg/logo-flickr.svg]
[onekit.madethemes.com/src/plugins/ionicons/dist/svg/logo-foursquare.svg]
[onekit.madethemes.com/src/plugins/ionicons/dist/svg/logo-github.svg]
[onekit.madethemes.com/src/plugins/ionicons/dist/svg/logo-google.svg]
[onekit.madethemes.com/src/plugins/ionicons/dist/svg/logo-google-playstore.svg]
[onekit.madethemes.com/src/plugins/ionicons/dist/svg/logo-hackernews.svg]
[onekit.madethemes.com/src/plugins/ionicons/dist/svg/logo-html5.svg]
[onekit.madethemes.com/src/plugins/ionicons/dist/svg/logo-instagram.svg]
[onekit.madethemes.com/src/plugins/ionicons/dist/svg/logo-ionic.svg]
[onekit.madethemes.com/src/plugins/ionicons/dist/svg/logo-ionitron.svg]
[onekit.madethemes.com/src/plugins/ionicons/dist/svg/logo-javascript.svg]
[onekit.madethemes.com/src/plugins/ionicons/dist/svg/logo-laravel.svg]
[onekit.madethemes.com/src/plugins/ionicons/dist/svg/logo-linkedin.svg]
[onekit.madethemes.com/src/plugins/ionicons/dist/svg/logo-markdown.svg]
[onekit.madethemes.com/src/plugins/ionicons/dist/svg/logo-nodejs.svg]
[onekit.madethemes.com/src/plugins/ionicons/dist/svg/logo-no-smoking.svg]
[onekit.madethemes.com/src/plugins/ionicons/dist/svg/logo-npm.svg]
[onekit.madethemes.com/src/plugins/ionicons/dist/svg/logo-octocat.svg]
[onekit.madethemes.com/src/plugins/ionicons/dist/svg/logo-pinterest.svg]
[onekit.madethemes.com/src/plugins/ionicons/dist/svg/logo-playstation.svg]
[onekit.madethemes.com/src/plugins/ionicons/dist/svg/logo-pwa.svg]
[onekit.madethemes.com/src/plugins/ionicons/dist/svg/logo-python.svg]
[onekit.madethemes.com/src/plugins/ionicons/dist/svg/logo-react.svg]
[onekit.madethemes.com/src/plugins/ionicons/dist/svg/logo-reddit.svg]
[onekit.madethemes.com/src/plugins/ionicons/dist/svg/logo-rss.svg]
[onekit.madethemes.com/src/plugins/ionicons/dist/svg/logo-sass.svg]
[onekit.madethemes.com/src/plugins/ionicons/dist/svg/logo-skype.svg]
[onekit.madethemes.com/src/plugins/ionicons/dist/svg/logo-slack.svg]
[onekit.madethemes.com/src/plugins/ionicons/dist/svg/logo-snapchat.svg]
[onekit.madethemes.com/src/plugins/ionicons/dist/svg/logo-stackoverflow.svg]
[onekit.madethemes.com/src/plugins/ionicons/dist/svg/logo-steam.svg]
[onekit.madethemes.com/src/plugins/ionicons/dist/svg/logo-stencil.svg]
[onekit.madethemes.com/src/plugins/ionicons/dist/svg/logo-tumblr.svg]
[onekit.madethemes.com/src/plugins/ionicons/dist/svg/logo-tux.svg]
[onekit.madethemes.com/src/plugins/ionicons/dist/svg/logo-twitch.svg]
[onekit.madethemes.com/src/plugins/ionicons/dist/svg/logo-twitter.svg]
[onekit.madethemes.com/src/plugins/ionicons/dist/svg/logo-usd.svg]
[onekit.madethemes.com/src/plugins/ionicons/dist/svg/logo-vimeo.svg]
[onekit.madethemes.com/src/plugins/ionicons/dist/svg/logo-vk.svg]
[onekit.madethemes.com/src/plugins/ionicons/dist/svg/logo-vue.svg]
[onekit.madethemes.com/src/plugins/ionicons/dist/svg/logo-whatsapp.svg]
[onekit.madethemes.com/src/plugins/ionicons/dist/svg/logo-windows.svg]
[onekit.madethemes.com/src/plugins/ionicons/dist/svg/logo-wordpress.svg]
[onekit.madethemes.com/src/plugins/ionicons/dist/svg/logo-xbox.svg]
[onekit.madethemes.com/src/plugins/ionicons/dist/svg/logo-xing.svg]
[onekit.madethemes.com/src/plugins/ionicons/dist/svg/logo-yahoo.svg]
[onekit.madethemes.com/src/plugins/ionicons/dist/svg/logo-yen.svg]
[onekit.madethemes.com/src/plugins/ionicons/dist/svg/logo-youtube.svg]
[onekit.madethemes.com/src/plugins/ionicons/dist/svg/newspaper-outline.svg]
[onekit.madethemes.com/src/plugins/aos/dist/aos-rtl.css]
[onekit.madethemes.com/src/js/theme-rtl.js]
[onekit.madethemes.com/src/img-min/app/device/iphone-light.png]
[onekit.madethemes.com/src/plugins/ionicons/dist/svg/stats-chart-outline.svg]
[onekit.madethemes.com/src/plugins/ionicons/dist/svg/logo-css3.svg]
[onekit.madethemes.com/sections/reviews.html]
[onekit.madethemes.com/src/plugins/lightgallery.js/dist/fonts/lg8306.svg]
[onekit.madethemes.com/Trident/index.html]
[onekit.madethemes.com/Edge/index.html]
[onekit.madethemes.com/GET.html]
[onekit.madethemes.com/dist/index.html]
[onekit.madethemes.com/sections/blog43ec.html]
[onekit.madethemes.com/src/plugins/ionicons/dist/svg/arrow-down-circle-outline.svg]
[onekit.madethemes.com/src/plugins/ionicons/dist/svg/checkmark-outline.svg]
[onekit.madethemes.com/src/plugins/ionicons/dist/svg/code-slash-outline.svg]
[onekit.madethemes.com/src/plugins/ionicons/dist/svg/newspaper-outline.svg]
[onekit.madethemes.com/src/plugins/ionicons/dist/svg/reorder-four-outline.svg]
[onekit.madethemes.com/src/plugins/ionicons/dist/svg/stats-chart-outline.svg]
[onekit.madethemes.com/src/plugins/ionicons/dist/svg/logo-css3.svg]
[onekit.madethemes.com/src/plugins/aos/dist/aos-rtl.css]
[onekit.madethemes.com/src/plugins/ionicons/dist/svg/logo-web-component.svg]
[onekit.madethemes.com/src/css/theme-rtl.css]
[onekit.madethemes.com/src/css/theme-rtl.css]
