[cowork.websitelayout.net/index.html]
[backblue.gif]
[fade.gif]
[index.html]
[cowork.websitelayout.net/img/logos/favicon.png]
[cowork.websitelayout.net/img/logos/apple-touch-icon-57x57.png]
[cowork.websitelayout.net/img/logos/apple-touch-icon-72x72.png]
[cowork.websitelayout.net/img/logos/apple-touch-icon-114x114.png]
[cowork.websitelayout.net/css/plugins.css]
[cowork.websitelayout.net/search/search.css]
[cowork.websitelayout.net/quform/css/base.css]
[cowork.websitelayout.net/css/styles.css]
[cowork.websitelayout.net/index-2.html]
[cowork.websitelayout.net/img/logos/logo-inner.png]
[cowork.websitelayout.net/index-02.html]
[cowork.websitelayout.net/index-03.html]
[cowork.websitelayout.net/about.html]
[cowork.websitelayout.net/services.html]
[cowork.websitelayout.net/book-space.html]
[cowork.websitelayout.net/pricing.html]
[cowork.websitelayout.net/team.html]
[cowork.websitelayout.net/faq.html]
[cowork.websitelayout.net/privacy-policy.html]
[cowork.websitelayout.net/terms-and-conditions.html]
[cowork.websitelayout.net/404.html]
[cowork.websitelayout.net/coming-soon.html]
[cowork.websitelayout.net/workspace.html]
[cowork.websitelayout.net/workspace-details.html]
[cowork.websitelayout.net/blog-grid-two-columns.html]
[cowork.websitelayout.net/blog-grid-two-columns-left-sidebar.html]
[cowork.websitelayout.net/blog-grid-two-columns-right-sidebar.html]
[cowork.websitelayout.net/blog-grid.html]
[cowork.websitelayout.net/blog-list.html]
[cowork.websitelayout.net/blog-details.html]
[cowork.websitelayout.net/accordion.html]
[cowork.websitelayout.net/alerts.html]
[cowork.websitelayout.net/blockquotes.html]
[cowork.websitelayout.net/buttons.html]
[cowork.websitelayout.net/call-to-action.html]
[cowork.websitelayout.net/carousel-slider.html]
[cowork.websitelayout.net/count-down.html]
[cowork.websitelayout.net/counter.html]
[cowork.websitelayout.net/dropcaps.html]
[cowork.websitelayout.net/form-elements.html]
[cowork.websitelayout.net/font-icons.html]
[cowork.websitelayout.net/grid-system.html]
[cowork.websitelayout.net/header-1.html]
[cowork.websitelayout.net/header-2.html]
[cowork.websitelayout.net/highlights.html]
[cowork.websitelayout.net/icon-with-text.html]
[cowork.websitelayout.net/list-styles.html]
[cowork.websitelayout.net/media-object.html]
[cowork.websitelayout.net/modal.html]
[cowork.websitelayout.net/pagination.html]
[cowork.websitelayout.net/progress-bar.html]
[cowork.websitelayout.net/tables.html]
[cowork.websitelayout.net/typography.html]
[cowork.websitelayout.net/videos.html]
[cowork.websitelayout.net/contact.html]
[cowork.websitelayout.net/img/banner/video-bg-img.jpg]
[cowork.websitelayout.net/img/content/about-01.jpg]
[cowork.websitelayout.net/img/content/circle-1.png]
[cowork.websitelayout.net/img/icons/icon-01.png]
[cowork.websitelayout.net/img/icons/icon-02.png]
[cowork.websitelayout.net/img/avatar/avatar-01.jpg]
[cowork.websitelayout.net/img/icons/icon-03.png]
[cowork.websitelayout.net/img/icons/icon-04.png]
[cowork.websitelayout.net/img/icons/icon-05.png]
[cowork.websitelayout.net/img/icons/icon-06.png]
[cowork.websitelayout.net/img/icons/icon-07.png]
[cowork.websitelayout.net/img/icons/icon-08.png]
[cowork.websitelayout.net/img/icons/icon-09.png]
[cowork.websitelayout.net/img/icons/icon-10.png]
[cowork.websitelayout.net/img/content/pattern-02.png]
[cowork.websitelayout.net/img/content/pattern-01.png]
[cowork.websitelayout.net/img/content/feature-01.jpg]
[cowork.websitelayout.net/img/content/feature-02.jpg]
[cowork.websitelayout.net/img/content/feature-03.jpg]
[cowork.websitelayout.net/img/bg/bg-01.jpg]
[cowork.websitelayout.net/img/content/why-choose-us-01.jpg]
[cowork.websitelayout.net/img/content/why-choose-us-02.jpg]
[cowork.websitelayout.net/img/partners/partners-hover-01.png]
[cowork.websitelayout.net/img/partners/partners-01.png]
[cowork.websitelayout.net/img/partners/partners-hover-02.png]
[cowork.websitelayout.net/img/partners/partners-02.png]
[cowork.websitelayout.net/img/partners/partners-hover-03.png]
[cowork.websitelayout.net/img/partners/partners-03.png]
[cowork.websitelayout.net/img/partners/partners-hover-04.png]
[cowork.websitelayout.net/img/partners/partners-04.png]
[cowork.websitelayout.net/img/partners/partners-hover-05.png]
[cowork.websitelayout.net/img/partners/partners-05.png]
[cowork.websitelayout.net/img/partners/partners-hover-06.png]
[cowork.websitelayout.net/img/partners/partners-06.png]
[cowork.websitelayout.net/img/partners/partners-hover-07.png]
[cowork.websitelayout.net/img/partners/partners-07.png]
[cowork.websitelayout.net/img/partners/partners-hover-08.png]
[cowork.websitelayout.net/img/partners/partners-08.png]
[cowork.websitelayout.net/img/portfolio/portfolio-01.jpg]
[cowork.websitelayout.net/img/portfolio/portfolio-02.jpg]
[cowork.websitelayout.net/img/portfolio/portfolio-03.jpg]
[cowork.websitelayout.net/img/portfolio/portfolio-04.jpg]
[cowork.websitelayout.net/img/portfolio/portfolio-05.jpg]
[cowork.websitelayout.net/img/portfolio/portfolio-06.jpg]
[cowork.websitelayout.net/img/blog/blog-01.jpg]
[cowork.websitelayout.net/img/blog/blog-02.jpg]
[cowork.websitelayout.net/img/blog/blog-03.jpg]
[cowork.websitelayout.net/img/blog/blog-04.jpg]
[cowork.websitelayout.net/img/logos/footer-light-logo.png]
[cowork.websitelayout.net/img/content/pattern-03.png]
[cowork.websitelayout.net/js/jquery.min.js]
[cowork.websitelayout.net/js/popper.min.js]
[cowork.websitelayout.net/js/bootstrap.min.js]
[cowork.websitelayout.net/js/core.min.js]
[cowork.websitelayout.net/search/search.js]
[cowork.websitelayout.net/js/main.js]
[cowork.websitelayout.net/quform/js/plugins.js]
[cowork.websitelayout.net/quform/js/scripts.js]
[cowork.websitelayout.net/index.html]
[cowork.websitelayout.net/index-2.html]
[cowork.websitelayout.net/img/logos/logo.png]
[cowork.websitelayout.net/img/banner/banner-img-01.jpg]
[cowork.websitelayout.net/img/icons/icon-15.png]
[cowork.websitelayout.net/img/icons/icon-16.png]
[cowork.websitelayout.net/img/icons/icon-17.png]
[cowork.websitelayout.net/img/icons/icon-18.png]
[cowork.websitelayout.net/img/icons/icon-19.png]
[cowork.websitelayout.net/img/content/about-03.jpg]
[cowork.websitelayout.net/img/content/about-04.jpg]
[cowork.websitelayout.net/img/content/feature-04.jpg]
[cowork.websitelayout.net/img/content/feature-05.jpg]
[cowork.websitelayout.net/img/content/feature-06.jpg]
[cowork.websitelayout.net/img/bg/bg-04.jpg]
[cowork.websitelayout.net/img/content/faq-img-02.jpg]
[cowork.websitelayout.net/index-02.html]
[cowork.websitelayout.net/img/banner/banner-img-02.jpg]
[cowork.websitelayout.net/img/banner/banner-img-03.jpg]
[cowork.websitelayout.net/img/banner/banner-img-04.jpg]
[cowork.websitelayout.net/img/content/about-05.jpg]
[cowork.websitelayout.net/img/icons/icon-20.png]
[cowork.websitelayout.net/img/icons/icon-21.png]
[cowork.websitelayout.net/img/icons/icon-22.png]
[cowork.websitelayout.net/img/icons/icon-23.png]
[cowork.websitelayout.net/img/partners/partners-09.png]
[cowork.websitelayout.net/img/partners/partners-10.png]
[cowork.websitelayout.net/img/partners/partners-11.png]
[cowork.websitelayout.net/img/partners/partners-12.png]
[cowork.websitelayout.net/img/partners/partners-13.png]
[cowork.websitelayout.net/img/avatar/avatar-08.jpg]
[cowork.websitelayout.net/img/avatar/avatar-09.jpg]
[cowork.websitelayout.net/img/avatar/avatar-10.jpg]
[cowork.websitelayout.net/img/avatar/avatar-11.jpg]
[cowork.websitelayout.net/img/avatar/avatar-12.jpg]
[cowork.websitelayout.net/img/avatar/avatar-13.jpg]
[cowork.websitelayout.net/img/content/pattern-04.png]
[cowork.websitelayout.net/index-03.html]
[cowork.websitelayout.net/img/banner/page-title.jpg]
[cowork.websitelayout.net/img/content/about-02.jpg]
[cowork.websitelayout.net/img/icons/icon-11.png]
[cowork.websitelayout.net/img/icons/icon-12.png]
[cowork.websitelayout.net/img/icons/icon-13.png]
[cowork.websitelayout.net/img/icons/icon-14.png]
[cowork.websitelayout.net/img/team/team-01.jpg]
[cowork.websitelayout.net/img/team/team-02.jpg]
[cowork.websitelayout.net/img/team/team-03.jpg]
[cowork.websitelayout.net/img/team/team-04.jpg]
[cowork.websitelayout.net/about.html]
[cowork.websitelayout.net/services.html]
[cowork.websitelayout.net/quform/images/captcha/courier-new-light.png]
[cowork.websitelayout.net/img/bg/bg-03.jpg]
[cowork.websitelayout.net/book-space.html]
[cowork.websitelayout.net/img/content/pricing-img-01.jpg]
[cowork.websitelayout.net/img/content/pricing-img-02.jpg]
[cowork.websitelayout.net/img/content/pricing-img-03.jpg]
[cowork.websitelayout.net/pricing.html]
[cowork.websitelayout.net/img/team/team-05.jpg]
[cowork.websitelayout.net/img/team/team-06.jpg]
[cowork.websitelayout.net/img/team/team-07.jpg]
[cowork.websitelayout.net/img/team/team-08.jpg]
[cowork.websitelayout.net/team.html]
[cowork.websitelayout.net/img/content/faq-img.jpg]
[cowork.websitelayout.net/faq.html]
[cowork.websitelayout.net/privacy-policy.html]
[cowork.websitelayout.net/terms-and-conditions.html]
[cowork.websitelayout.net/img/content/error.png]
[cowork.websitelayout.net/404.html]
[cowork.websitelayout.net/coming-soon.html]
[cowork.websitelayout.net/workspace.html]
[cowork.websitelayout.net/workspace-details.html]
[cowork.websitelayout.net/img/blog/blog-grid-01.jpg]
[cowork.websitelayout.net/img/blog/blog-grid-02.jpg]
[cowork.websitelayout.net/img/blog/blog-grid-03.jpg]
[cowork.websitelayout.net/img/blog/blog-grid-04.jpg]
[cowork.websitelayout.net/img/blog/blog-grid-05.jpg]
[cowork.websitelayout.net/img/blog/blog-grid-06.jpg]
[cowork.websitelayout.net/blog-grid-two-columns.html]
[cowork.websitelayout.net/img/avatar/avatar-02.jpg]
[cowork.websitelayout.net/img/avatar/avatar-03.jpg]
[cowork.websitelayout.net/blog-grid-two-columns-left-sidebar.html]
[cowork.websitelayout.net/blog-grid-two-columns-right-sidebar.html]
[cowork.websitelayout.net/blog-grid.html]
[cowork.websitelayout.net/img/blog/blog-list-01.jpg]
[cowork.websitelayout.net/img/blog/blog-list-02.jpg]
[cowork.websitelayout.net/img/blog/blog-list-03.jpg]
[cowork.websitelayout.net/img/blog/blog-list-04.jpg]
[cowork.websitelayout.net/blog-list.html]
[cowork.websitelayout.net/img/blog/blog-detail-01.jpg]
[cowork.websitelayout.net/img/blog/blog-detail-02.jpg]
[cowork.websitelayout.net/img/avatar/avatar-07.jpg]
[cowork.websitelayout.net/img/avatar/avatar-04.jpg]
[cowork.websitelayout.net/img/avatar/avatar-05.jpg]
[cowork.websitelayout.net/img/avatar/avatar-06.jpg]
[cowork.websitelayout.net/blog-details.html]
[cowork.websitelayout.net/accordion.html]
[cowork.websitelayout.net/alerts.html]
[cowork.websitelayout.net/blockquotes.html]
[cowork.websitelayout.net/buttons.html]
[cowork.websitelayout.net/call-to-action.html]
[cowork.websitelayout.net/img/content/carousel-01.jpg]
[cowork.websitelayout.net/img/content/carousel-02.jpg]
[cowork.websitelayout.net/img/content/carousel-03.jpg]
[cowork.websitelayout.net/carousel-slider.html]
[cowork.websitelayout.net/count-down.html]
[cowork.websitelayout.net/counter.html]
[cowork.websitelayout.net/dropcaps.html]
[cowork.websitelayout.net/form-elements.html]
[cowork.websitelayout.net/font-icons.html]
[cowork.websitelayout.net/grid-system.html]
[cowork.websitelayout.net/header-1.html]
[cowork.websitelayout.net/header-2.html]
[cowork.websitelayout.net/highlights.html]
[cowork.websitelayout.net/icon-with-text.html]
[cowork.websitelayout.net/list-styles.html]
[cowork.websitelayout.net/img/blog/blog-thumb-01.jpg]
[cowork.websitelayout.net/media-object.html]
[cowork.websitelayout.net/modal.html]
[cowork.websitelayout.net/pagination.html]
[cowork.websitelayout.net/progress-bar.html]
[cowork.websitelayout.net/tables.html]
[cowork.websitelayout.net/typography.html]
[cowork.websitelayout.net/img/content/extra-img-01.jpg]
[cowork.websitelayout.net/videos.html]
[cowork.websitelayout.net/contact.html]
[cowork.websitelayout.net/fonts/fa-brands-400.woff2]
[cowork.websitelayout.net/fonts/fa-brands-400.ttf]
[cowork.websitelayout.net/fonts/fa-regular-400.woff2]
[cowork.websitelayout.net/fonts/fa-regular-400.ttf]
[cowork.websitelayout.net/fonts/fa-solid-900.woff2]
[cowork.websitelayout.net/fonts/fa-solid-900.ttf]
[cowork.websitelayout.net/fonts/fa-v4compatibility.woff2]
[cowork.websitelayout.net/fonts/fa-v4compatibility.ttf]
[cowork.websitelayout.net/fonts/themify9f24.eot]
[cowork.websitelayout.net/fonts/themifyd41d.eot]
[cowork.websitelayout.net/fonts/themify9f24.woff]
[cowork.websitelayout.net/fonts/themify9f24.ttf]
[cowork.websitelayout.net/css/plugins.css]
[cowork.websitelayout.net/search/search.css]
[cowork.websitelayout.net/quform/images/captcha-refresh-icon.png]
[cowork.websitelayout.net/quform/images/default-loading.gif]
[cowork.websitelayout.net/quform/images/error.png]
[cowork.websitelayout.net/quform/images/success.png]
[cowork.websitelayout.net/quform/images/help-icon.png]
[cowork.websitelayout.net/quform/images/close.png]
[cowork.websitelayout.net/quform/css/base.css]
[cowork.websitelayout.net/css/styles.css]
[cowork.websitelayout.net/fonts/themify9f24.svg]
[cowork.websitelayout.net/css/owl.video.play.html]
